Archive member included to satisfy reference by file (symbol)

C:/ST/STM32CubeIDE_2.0.0/STM32CubeIDE/plugins/com.st.stm32cube.ide.mcu.externaltools.gnu-tools-for-stm32.13.3.rel1.win32_1.0.100.202509120712/tools/bin/../lib/gcc/arm-none-eabi/13.3.1/../../../../arm-none-eabi/lib/thumb/v6-m/nofp\libc_nano.a(libc_a-exit.o)
                              C:/ST/STM32CubeIDE_2.0.0/STM32CubeIDE/plugins/com.st.stm32cube.ide.mcu.externaltools.gnu-tools-for-stm32.13.3.rel1.win32_1.0.100.202509120712/tools/bin/../lib/gcc/arm-none-eabi/13.3.1/../../../../arm-none-eabi/lib/thumb/v6-m/nofp/crt0.o (exit)
C:/ST/STM32CubeIDE_2.0.0/STM32CubeIDE/plugins/com.st.stm32cube.ide.mcu.externaltools.gnu-tools-for-stm32.13.3.rel1.win32_1.0.100.202509120712/tools/bin/../lib/gcc/arm-none-eabi/13.3.1/../../../../arm-none-eabi/lib/thumb/v6-m/nofp\libc_nano.a(libc_a-strtod.o)
                              ./Core/Src/main.o (strtod)
C:/ST/STM32CubeIDE_2.0.0/STM32CubeIDE/plugins/com.st.stm32cube.ide.mcu.externaltools.gnu-tools-for-stm32.13.3.rel1.win32_1.0.100.202509120712/tools/bin/../lib/gcc/arm-none-eabi/13.3.1/../../../../arm-none-eabi/lib/thumb/v6-m/nofp\libc_nano.a(libc_a-strtol.o)
                              ./Core/Src/main.o (strtol)
C:/ST/STM32CubeIDE_2.0.0/STM32CubeIDE/plugins/com.st.stm32cube.ide.mcu.externaltools.gnu-tools-for-stm32.13.3.rel1.win32_1.0.100.202509120712/tools/bin/../lib/gcc/arm-none-eabi/13.3.1/../../../../arm-none-eabi/lib/thumb/v6-m/nofp\libc_nano.a(libc_a-ctype_.o)
                              ./Core/Src/main.o (_ctype_)
C:/ST/STM32CubeIDE_2.0.0/STM32CubeIDE/plugins/com.st.stm32cube.ide.mcu.externaltools.gnu-tools-for-stm32.13.3.rel1.win32_1.0.100.202509120712/tools/bin/../lib/gcc/arm-none-eabi/13.3.1/../../../../arm-none-eabi/lib/thumb/v6-m/nofp\libc_nano.a(libc_a-findfp.o)
                              C:/ST/STM32CubeIDE_2.0.0/STM32CubeIDE/plugins/com.st.stm32cube.ide.mcu.externaltools.gnu-tools-for-stm32.13.3.rel1.win32_1.0.100.202509120712/tools/bin/../lib/gcc/arm-none-eabi/13.3.1/../../../../arm-none-eabi/lib/thumb/v6-m/nofp\libc_nano.a(libc_a-exit.o) (__stdio_exit_handler)
C:/ST/STM32CubeIDE_2.0.0/STM32CubeIDE/plugins/com.st.stm32cube.ide.mcu.externaltools.gnu-tools-for-stm32.13.3.rel1.win32_1.0.100.202509120712/tools/bin/../lib/gcc/arm-none-eabi/13.3.1/../../../../arm-none-eabi/lib/thumb/v6-m/nofp\libc_nano.a(libc_a-fwalk.o)
                              C:/ST/STM32CubeIDE_2.0.0/STM32CubeIDE/plugins/com.st.stm32cube.ide.mcu.externaltools.gnu-tools-for-stm32.13.3.rel1.win32_1.0.100.202509120712/tools/bin/../lib/gcc/arm-none-eabi/13.3.1/../../../../arm-none-eabi/lib/thumb/v6-m/nofp\libc_nano.a(libc_a-findfp.o) (_fwalk_sglue)
C:/ST/STM32CubeIDE_2.0.0/STM32CubeIDE/plugins/com.st.stm32cube.ide.mcu.externaltools.gnu-tools-for-stm32.13.3.rel1.win32_1.0.100.202509120712/tools/bin/../lib/gcc/arm-none-eabi/13.3.1/../../../../arm-none-eabi/lib/thumb/v6-m/nofp\libc_nano.a(libc_a-stdio.o)
                              C:/ST/STM32CubeIDE_2.0.0/STM32CubeIDE/plugins/com.st.stm32cube.ide.mcu.externaltools.gnu-tools-for-stm32.13.3.rel1.win32_1.0.100.202509120712/tools/bin/../lib/gcc/arm-none-eabi/13.3.1/../../../../arm-none-eabi/lib/thumb/v6-m/nofp\libc_nano.a(libc_a-findfp.o) (__sread)
C:/ST/STM32CubeIDE_2.0.0/STM32CubeIDE/plugins/com.st.stm32cube.ide.mcu.externaltools.gnu-tools-for-stm32.13.3.rel1.win32_1.0.100.202509120712/tools/bin/../lib/gcc/arm-none-eabi/13.3.1/../../../../arm-none-eabi/lib/thumb/v6-m/nofp\libc_nano.a(libc_a-vsnprintf.o)
                              ./Core/Src/main.o (vsnprintf)
C:/ST/STM32CubeIDE_2.0.0/STM32CubeIDE/plugins/com.st.stm32cube.ide.mcu.externaltools.gnu-tools-for-stm32.13.3.rel1.win32_1.0.100.202509120712/tools/bin/../lib/gcc/arm-none-eabi/13.3.1/../../../../arm-none-eabi/lib/thumb/v6-m/nofp\libc_nano.a(libc_a-memmove.o)
                              ./Core/Src/main.o (memmove)
C:/ST/STM32CubeIDE_2.0.0/STM32CubeIDE/plugins/com.st.stm32cube.ide.mcu.externaltools.gnu-tools-for-stm32.13.3.rel1.win32_1.0.100.202509120712/tools/bin/../lib/gcc/arm-none-eabi/13.3.1/../../../../arm-none-eabi/lib/thumb/v6-m/nofp\libc_nano.a(libc_a-memset.o)
                              C:/ST/STM32CubeIDE_2.0.0/STM32CubeIDE/plugins/com.st.stm32cube.ide.mcu.externaltools.gnu-tools-for-stm32.13.3.rel1.win32_1.0.100.202509120712/tools/bin/../lib/gcc/arm-none-eabi/13.3.1/../../../../arm-none-eabi/lib/thumb/v6-m/nofp/crt0.o (memset)
C:/ST/STM32CubeIDE_2.0.0/STM32CubeIDE/plugins/com.st.stm32cube.ide.mcu.externaltools.gnu-tools-for-stm32.13.3.rel1.win32_1.0.100.202509120712/tools/bin/../lib/gcc/arm-none-eabi/13.3.1/../../../../arm-none-eabi/lib/thumb/v6-m/nofp\libc_nano.a(libc_a-strchr.o)
                              ./Core/Src/main.o (strchr)
[...]
Memory Configuration

Name             Origin             Length             Attributes
RAM              0x20000000         0x00006000         xrw
FLASH            0x08000000         0x00020000         xr
*default*        0x00000000         0xffffffff

Linker script and memory map

LOAD C:/ST/STM32CubeIDE_2.0.0/STM32CubeIDE/plugins/com.st.stm32cube.ide.mcu.externaltools.gnu-tools-for-stm32.13.3.rel1.win32_1.0.100.202509120712/tools/bin/../lib/gcc/arm-none-eabi/13.3.1/thumb/v6-m/nofp/crti.o
LOAD C:/ST/STM32CubeIDE_2.0.0/STM32CubeIDE/plugins/com.st.stm32cube.ide.mcu.externaltools.gnu-tools-for-stm32.13.3.rel1.win32_1.0.100.202509120712/tools/bin/../lib/gcc/arm-none-eabi/13.3.1/thumb/v6-m/nofp/crtbegin.o
LOAD C:/ST/STM32CubeIDE_2.0.0/STM32CubeIDE/plugins/com.st.stm32cube.ide.mcu.externaltools.gnu-tools-for-stm32.13.3.rel1.win32_1.0.100.202509120712/tools/bin/../lib/gcc/arm-none-eabi/13.3.1/../../../../arm-none-eabi/lib/thumb/v6-m/nofp/crt0.o
LOAD ./Core/Src/adg2128_router.o
LOAD ./Core/Src/main.o
LOAD ./Core/Src/main2.o
LOAD ./Core/Src/main_backup.o
LOAD ./Core/Src/mux_utils.o
LOAD ./Core/Src/nau7802.o
LOAD ./Core/Src/stm32c0xx_hal_msp.o
LOAD ./Core/Src/stm32c0xx_it.o
LOAD ./Core/Src/syscalls.o
LOAD ./Core/Src/sysmem.o
LOAD ./Core/Src/system_stm32c0xx.o
LOAD ./Core/Src/test_utils.o
LOAD ./Core/Src/test_utils_backup.o
LOAD ./Core/Startup/startup_stm32c071rbtxn.o
LOAD ./Drivers/STM32C0xx_HAL_Driver/Src/stm32c0xx_hal.o
LOAD ./Drivers/STM32C0xx_HAL_Driver/Src/stm32c0xx_hal_cortex.o
LOAD ./Drivers/STM32C0xx_HAL_Driver/Src/stm32c0xx_hal_dma.o
LOAD ./Drivers/STM32C0xx_HAL_Driver/Src/stm32c0xx_hal_dma_ex.o
LOAD ./Drivers/STM32C0xx_HAL_Driver/Src/stm32c0xx_hal_exti.o
LOAD ./Drivers/STM32C0xx_HAL_Driver/Src/stm32c0xx_hal_flash.o
LOAD ./Drivers/STM32C0xx_HAL_Driver/Src/stm32c0xx_hal_flash_ex.o
LOAD ./Drivers/STM32C0xx_HAL_Driver/Src/stm32c0xx_hal_gpio.o
LOAD ./Drivers/STM32C0xx_HAL_Driver/Src/stm32c0xx_hal_i2c.o
LOAD ./Drivers/STM32C0xx_HAL_Driver/Src/stm32c0xx_hal_i2c_ex.o
LOAD ./Drivers/STM32C0xx_HAL_Driver/Src/stm32c0xx_hal_pwr.o
LOAD ./Drivers/STM32C0xx_HAL_Driver/Src/stm32c0xx_hal_pwr_ex.o
LOAD ./Drivers/STM32C0xx_HAL_Driver/Src/stm32c0xx_hal_rcc.o
LOAD ./Drivers/STM32C0xx_HAL_Driver/Src/stm32c0xx_hal_rcc_ex.o
LOAD ./Drivers/STM32C0xx_HAL_Driver/Src/stm32c0xx_hal_uart.o
LOAD ./Drivers/STM32C0xx_HAL_Driver/Src/stm32c0xx_hal_uart_ex.o
START GROUP
LOAD C:/ST/STM32CubeIDE_2.0.0/STM32CubeIDE/plugins/com.st.stm32cube.ide.mcu.externaltools.gnu-tools-for-stm32.13.3.rel1.win32_1.0.100.202509120712/tools/bin/../lib/gcc/arm-none-eabi/13.3.1/../../../../arm-none-eabi/lib/thumb/v6-m/nofp\libc_nano.a
LOAD C:/ST/STM32CubeIDE_2.0.0/STM32CubeIDE/plugins/com.st.stm32cube.ide.mcu.externaltools.gnu-tools-for-stm32.13.3.rel1.win32_1.0.100.202509120712/tools/bin/../lib/gcc/arm-none-eabi/13.3.1/../../../../arm-none-eabi/lib/thumb/v6-m/nofp\libm.a
END GROUP
START GROUP
LOAD C:/ST/STM32CubeIDE_2.0.0/STM32CubeIDE/plugins/com.st.stm32cube.ide.mcu.externaltools.gnu-tools-for-stm32.13.3.rel1.win32_1.0.100.202509120712/tools/bin/../lib/gcc/arm-none-eabi/13.3.1/thumb/v6-m/nofp\libgcc.a
LOAD C:/ST/STM32CubeIDE_2.0.0/STM32CubeIDE/plugins/com.st.stm32cube.ide.mcu.externaltools.gnu-tools-for-stm32.13.3.rel1.win32_1.0.100.202509120712/tools/bin/../lib/gcc/arm-none-eabi/13.3.1/../../../../arm-none-eabi/lib/thumb/v6-m/nofp\libc_nano.a
END GROUP
START GROUP
LOAD C:/ST/STM32CubeIDE_2.0.0/STM32CubeIDE/plugins/com.st.stm32cube.ide.mcu.externaltools.gnu-tools-for-stm32.13.3.rel1.win32_1.0.100.202509120712/tools/bin/../lib/gcc/arm-none-eabi/13.3.1/thumb/v6-m/nofp\libgcc.a
LOAD C:/ST/STM32CubeIDE_2.0.0/STM32CubeIDE/plugins/com.st.stm32cube.ide.mcu.externaltools.gnu-tools-for-stm32.13.3.rel1.win32_1.0.100.202509120712/tools/bin/../lib/gcc/arm-none-eabi/13.3.1/../../../../arm-none-eabi/lib/thumb/v6-m/nofp\libc_nano.a
LOAD C:/ST/STM32CubeIDE_2.0.0/STM32CubeIDE/plugins/com.st.stm32cube.ide.mcu.externaltools.gnu-tools-for-stm32.13.3.rel1.win32_1.0.100.202509120712/tools/bin/../lib/gcc/arm-none-eabi/13.3.1/../../../../arm-none-eabi/lib/thumb/v6-m/nofp\libnosys.a
END GROUP
START GROUP
LOAD C:/ST/STM32CubeIDE_2.0.0/STM32CubeIDE/plugins/com.st.stm32cube.ide.mcu.externaltools.gnu-tools-for-stm32.13.3.rel1.win32_1.0.100.202509120712/tools/bin/../lib/gcc/arm-none-eabi/13.3.1/thumb/v6-m/nofp\libgcc.a
LOAD C:/ST/STM32CubeIDE_2.0.0/STM32CubeIDE/plugins/com.st.stm32cube.ide.mcu.externaltools.gnu-tools-for-stm32.13.3.rel1.win32_1.0.100.202509120712/tools/bin/../lib/gcc/arm-none-eabi/13.3.1/../../../../arm-none-eabi/lib/thumb/v6-m/nofp\libc_nano.a
LOAD C:/ST/STM32CubeIDE_2.0.0/STM32CubeIDE/plugins/com.st.stm32cube.ide.mcu.externaltools.gnu-tools-for-stm32.13.3.rel1.win32_1.0.100.202509120712/tools/bin/../lib/gcc/arm-none-eabi/13.3.1/../../../../arm-none-eabi/lib/thumb/v6-m/nofp\libnosys.a
END GROUP
LOAD C:/ST/STM32CubeIDE_2.0.0/STM32CubeIDE/plugins/com.st.stm32cube.ide.mcu.externaltools.gnu-tools-for-stm32.13.3.rel1.win32_1.0.100.202509120712/tools/bin/../lib/gcc/arm-none-eabi/13.3.1/thumb/v6-m/nofp/crtend.o
LOAD C:/ST/STM32CubeIDE_2.0.0/STM32CubeIDE/plugins/com.st.stm32cube.ide.mcu.externaltools.gnu-tools-for-stm32.13.3.rel1.win32_1.0.100.202509120712/tools/bin/../lib/gcc/arm-none-eabi/13.3.1/thumb/v6-m/nofp/crtn.o
                0x20006000                        _estack = (ORIGIN (RAM) + LENGTH (RAM))
                0x00000200                        _Min_Heap_Size = 0x200
                0x00000400                        _Min_Stack_Size = 0x400

.isr_vector     0x08000000       0xc0
                0x08000000                        . = ALIGN (0x4)
 *(.isr_vector)
 .isr_vector    0x08000000       0xc0 ./Core/Startup/startup_stm32c071rbtxn.o
                0x08000000                g_pfnVectors
                0x080000c0                        . = ALIGN (0x4)

.text           0x080000c0     0xe1f0
                0x080000c0                        . = ALIGN (0x4)
 *(.text)
 .text          0x080000c0       0x48 C:/ST/STM32CubeIDE_2.0.0/STM32CubeIDE/plugins/com.st.stm32cube.ide.mcu.externaltools.gnu-tools-for-stm32.13.3.rel1.win32_1.0.100.202509120712/tools/bin/../lib/gcc/arm-none-eabi/13.3.1/thumb/v6-m/nofp/crtbegin.o
 .text          0x08000108       0x14 C:/ST/STM32CubeIDE_2.0.0/STM32CubeIDE/plugins/com.st.stm32cube.ide.mcu.externaltools.gnu-tools-for-stm32.13.3.rel1.win32_1.0.100.202509120712/tools/bin/../lib/gcc/arm-none-eabi/13.3.1/../../../../arm-none-eabi/lib/thumb/v6-m/nofp\libc_nano.a(libc_a-strcmp.o)
                0x08000108                strcmp
 .text          0x0800011c        0xe C:/ST/STM32CubeIDE_2.0.0/STM32CubeIDE/plugins/com.st.stm32cube.ide.mcu.externaltools.gnu-tools-for-stm32.13.3.rel1.win32_1.0.100.202509120712/tools/bin/../lib/gcc/arm-none-eabi/13.3.1/../../../../arm-none-eabi/lib/thumb/v6-m/nofp\libc_nano.a(libc_a-strlen.o)
                0x0800011c                strlen
 *fill*         0x0800012a        0x2 
 .text          0x0800012c       0x14 C:/ST/STM32CubeIDE_2.0.0/STM32CubeIDE/plugins/com.st.stm32cube.ide.mcu.externaltools.gnu-tools-for-stm32.13.3.rel1.win32_1.0.100.202509120712/tools/bin/../lib/gcc/arm-none-eabi/13.3.1/thumb/v6-m/nofp\libgcc.a(_thumb1_case_uqi.o)
                0x0800012c                __gnu_thumb1_case_uqi
 .text          0x08000140       0x14 C:/ST/STM32CubeIDE_2.0.0/STM32CubeIDE/plugins/com.st.stm32cube.ide.mcu.externaltools.gnu-tools-for-stm32.13.3.rel1.win32_1.0.100.202509120712/tools/bin/../lib/gcc/arm-none-eabi/13.3.1/thumb/v6-m/nofp\libgcc.a(_thumb1_case_shi.o)
                0x08000140                __gnu_thumb1_case_shi
 .text          0x08000154      0x114 C:/ST/STM32CubeIDE_2.0.0/STM32CubeIDE/plugins/com.st.stm32cube.ide.mcu.externaltools.gnu-tools-for-stm32.13.3.rel1.win32_1.0.100.202509120712/tools/bin/../lib/gcc/arm-none-eabi/13.3.1/thumb/v6-m/nofp\libgcc.a(_udivsi3.o)
                0x08000154                __aeabi_uidiv
                0x08000154                __udivsi3
                0x08000260                __aeabi_uidivmod
 .text          0x08000268      0x1d4 C:/ST/STM32CubeIDE_2.0.0/STM32CubeIDE/plugins/com.st.stm32cube.ide.mcu.externaltools.gnu-tools-for-stm32.13.3.rel1.win32_1.0.100.202509120712/tools/bin/../lib/gcc/arm-none-eabi/13.3.1/thumb/v6-m/nofp\libgcc.a(_divsi3.o)
                0x08000268                __divsi3
                0x08000268                __aeabi_idiv
                0x08000434                __aeabi_idivmod
 .text          0x0800043c        0x4 C:/ST/STM32CubeIDE_2.0.0/STM32CubeIDE/plugins/com.st.stm32cube.ide.mcu.externaltools.gnu-tools-for-stm32.13.3.rel1.win32_1.0.100.202509120712/tools/bin/../lib/gcc/arm-none-eabi/13.3.1/thumb/v6-m/nofp\libgcc.a(_dvmd_tls.o)
                0x0800043c                __aeabi_idiv0
                0x0800043c                __aeabi_ldiv0
 .text          0x08000440       0x7c C:/ST/STM32CubeIDE_2.0.0/STM32CubeIDE/plugins/com.st.stm32cube.ide.mcu.externaltools.gnu-tools-for-stm32.13.3.rel1.win32_1.0.100.202509120712/tools/bin/../lib/gcc/arm-none-eabi/13.3.1/thumb/v6-m/nofp\libgcc.a(_arm_cmpdf2.o)
                0x08000440                __aeabi_cdrcmple
                0x08000450                __aeabi_cdcmple
                0x08000450                __aeabi_cdcmpeq
                0x08000460                __aeabi_dcmpeq
                0x0800046c                __aeabi_dcmplt
                0x08000480                __aeabi_dcmple
                0x08000494                __aeabi_dcmpgt
                0x080004a8                __aeabi_dcmpge
 .text          0x080004bc       0x74 C:/ST/STM32CubeIDE_2.0.0/STM32CubeIDE/plugins/com.st.stm32cube.ide.mcu.externaltools.gnu-tools-for-stm32.13.3.rel1.win32_1.0.100.202509120712/tools/bin/../lib/gcc/arm-none-eabi/13.3.1/thumb/v6-m/nofp\libgcc.a(_arm_cmpsf2.o)
                0x080004bc                __aeabi_cfrcmple
                0x080004c4                __aeabi_cfcmpeq
                0x080004c4                __aeabi_cfcmple
                0x080004d4                __aeabi_fcmpeq
                0x080004e0                __aeabi_fcmplt
                0x080004f4                __aeabi_fcmple
                0x08000508                __aeabi_fcmpgt
                0x0800051c                __aeabi_fcmpge
 .text          0x08000530       0x48 C:/ST/STM32CubeIDE_2.0.0/STM32CubeIDE/plugins/com.st.stm32cube.ide.mcu.externaltools.gnu-tools-for-stm32.13.3.rel1.win32_1.0.100.202509120712/tools/bin/../lib/gcc/arm-none-eabi/13.3.1/thumb/v6-m/nofp\libgcc.a(_aeabi_ldivmod.o)
                0x08000530                __aeabi_ldivmod
 .text          0x08000578       0x5c C:/ST/STM32CubeIDE_2.0.0/STM32CubeIDE/plugins/com.st.stm32cube.ide.mcu.externaltools.gnu-tools-for-stm32.13.3.rel1.win32_1.0.100.202509120712/tools/bin/../lib/gcc/arm-none-eabi/13.3.1/thumb/v6-m/nofp\libgcc.a(_muldi3.o)
                0x08000578                __muldi3
                0x08000578                __aeabi_lmul
 .text          0x080005d4       0x3c C:/ST/STM32CubeIDE_2.0.0/STM32CubeIDE/plugins/com.st.stm32cube.ide.mcu.externaltools.gnu-tools-for-stm32.13.3.rel1.win32_1.0.100.202509120712/tools/bin/../lib/gcc/arm-none-eabi/13.3.1/thumb/v6-m/nofp\libgcc.a(_fixunsdfsi.o)
                0x080005d4                __aeabi_d2uiz
                0x080005d4                __fixunsdfsi
 .text          0x08000610       0x30 C:/ST/STM32CubeIDE_2.0.0/STM32CubeIDE/plugins/com.st.stm32cube.ide.mcu.externaltools.gnu-tools-for-stm32.13.3.rel1.win32_1.0.100.202509120712/tools/bin/../lib/gcc/arm-none-eabi/13.3.1/thumb/v6-m/nofp\libgcc.a(_fixsfdi.o)
                0x08000610                __fixsfdi
                0x08000610                __aeabi_f2lz
 .text          0x08000640       0x38 C:/ST/STM32CubeIDE_2.0.0/STM32CubeIDE/plugins/com.st.stm32cube.ide.mcu.externaltools.gnu-tools-for-stm32.13.3.rel1.win32_1.0.100.202509120712/tools/bin/../lib/gcc/arm-none-eabi/13.3.1/thumb/v6-m/nofp\libgcc.a(_fixdfdi.o)
                0x08000640                __fixdfdi
                0x08000640                __aeabi_d2lz
 .text          0x08000678       0x40 C:/ST/STM32CubeIDE_2.0.0/STM32CubeIDE/plugins/com.st.stm32cube.ide.mcu.externaltools.gnu-tools-for-stm32.13.3.rel1.win32_1.0.100.202509120712/tools/bin/../lib/gcc/arm-none-eabi/13.3.1/thumb/v6-m/nofp\libgcc.a(_fixunssfdi.o)
                0x08000678                __fixunssfdi
                0x08000678                __aeabi_f2ulz
 .text          0x080006b8       0x3c C:/ST/STM32CubeIDE_2.0.0/STM32CubeIDE/plugins/com.st.stm32cube.ide.mcu.externaltools.gnu-tools-for-stm32.13.3.rel1.win32_1.0.100.202509120712/tools/bin/../lib/gcc/arm-none-eabi/13.3.1/thumb/v6-m/nofp\libgcc.a(_fixunsdfdi.o)
                0x080006b8                __fixunsdfdi
                0x080006b8                __aeabi_d2ulz
 .text          0x080006f4       0x68 C:/ST/STM32CubeIDE_2.0.0/STM32CubeIDE/plugins/com.st.stm32cube.ide.mcu.externaltools.gnu-tools-for-stm32.13.3.rel1.win32_1.0.100.202509120712/tools/bin/../lib/gcc/arm-none-eabi/13.3.1/thumb/v6-m/nofp\libgcc.a(_floatdisf.o)
                0x080006f4                __aeabi_l2f
                0x080006f4                __floatdisf
 .text          0x0800075c       0x2c C:/ST/STM32CubeIDE_2.0.0/STM32CubeIDE/plugins/com.st.stm32cube.ide.mcu.externaltools.gnu-tools-for-stm32.13.3.rel1.win32_1.0.100.202509120712/tools/bin/../lib/gcc/arm-none-eabi/13.3.1/thumb/v6-m/nofp\libgcc.a(_floatdidf.o)
                0x0800075c                __aeabi_l2d
                0x0800075c                __floatdidf
 .text          0x08000788       0x3c C:/ST/STM32CubeIDE_2.0.0/STM32CubeIDE/plugins/com.st.stm32cube.ide.mcu.externaltools.gnu-tools-for-stm32.13.3.rel1.win32_1.0.100.202509120712/tools/bin/../lib/gcc/arm-none-eabi/13.3.1/thumb/v6-m/nofp\libgcc.a(bpabi.o)
                0x08000788                __gnu_ldivmod_helper
 .text          0x080007c4       0x50 C:/ST/STM32CubeIDE_2.0.0/STM32CubeIDE/plugins/com.st.stm32cube.ide.mcu.externaltools.gnu-tools-for-stm32.13.3.rel1.win32_1.0.100.202509120712/tools/bin/../lib/gcc/arm-none-eabi/13.3.1/thumb/v6-m/nofp\libgcc.a(eqsf2.o)
                0x080007c4                __eqsf2
                0x080007c4                __nesf2
 .text          0x08000814       0x90 C:/ST/STM32CubeIDE_2.0.0/STM32CubeIDE/plugins/com.st.stm32cube.ide.mcu.externaltools.gnu-tools-for-stm32.13.3.rel1.win32_1.0.100.202509120712/tools/bin/../lib/gcc/arm-none-eabi/13.3.1/thumb/v6-m/nofp\libgcc.a(gesf2.o)
                0x08000814                __gesf2
                0x08000814                __gtsf2
 .text          0x080008a4       0x90 C:/ST/STM32CubeIDE_2.0.0/STM32CubeIDE/plugins/com.st.stm32cube.ide.mcu.externaltools.gnu-tools-for-stm32.13.3.rel1.win32_1.0.100.202509120712/tools/bin/../lib/gcc/arm-none-eabi/13.3.1/thumb/v6-m/nofp\libgcc.a(lesf2.o)
                0x080008a4                __ltsf2
                0x080008a4                __lesf2
 .text          0x08000934      0x2b4 C:/ST/STM32CubeIDE_2.0.0/STM32CubeIDE/plugins/com.st.stm32cube.ide.mcu.externaltools.gnu-tools-for-stm32.13.3.rel1.win32_1.0.100.202509120712/tools/bin/../lib/gcc/arm-none-eabi/13.3.1/thumb/v6-m/nofp\libgcc.a(mulsf3.o)
                0x08000934                __aeabi_fmul
 .text          0x08000be8      0x78c C:/ST/STM32CubeIDE_2.0.0/STM32CubeIDE/plugins/com.st.stm32cube.ide.mcu.externaltools.gnu-tools-for-stm32.13.3.rel1.win32_1.0.100.202509120712/tools/bin/../lib/gcc/arm-none-eabi/13.3.1/thumb/v6-m/nofp\libgcc.a(adddf3.o)
                0x08000be8                __aeabi_dadd
 .text          0x08001374      0x630 C:/ST/STM32CubeIDE_2.0.0/STM32CubeIDE/plugins/com.st.stm32cube.ide.mcu.externaltools.gnu-tools-for-stm32.13.3.rel1.win32_1.0.100.202509120712/tools/bin/../lib/gcc/arm-none-eabi/13.3.1/thumb/v6-m/nofp\libgcc.a(divdf3.o)
                0x08001374                __aeabi_ddiv
 .text          0x080019a4       0x88 C:/ST/STM32CubeIDE_2.0.0/STM32CubeIDE/plugins/com.st.stm32cube.ide.mcu.externaltools.gnu-tools-for-stm32.13.3.rel1.win32_1.0.100.202509120712/tools/bin/../lib/gcc/arm-none-eabi/13.3.1/thumb/v6-m/nofp\libgcc.a(eqdf2.o)
                0x080019a4                __nedf2
                0x080019a4                __eqdf2
 .text          0x08001a2c       0xe0 C:/ST/STM32CubeIDE_2.0.0/STM32CubeIDE/plugins/com.st.stm32cube.ide.mcu.externaltools.gnu-tools-for-stm32.13.3.rel1.win32_1.0.100.202509120712/tools/bin/../lib/gcc/arm-none-eabi/13.3.1/thumb/v6-m/nofp\libgcc.a(gedf2.o)
                0x08001a2c                __gedf2
                0x08001a2c                __gtdf2
 .text          0x08001b0c       0xdc C:/ST/STM32CubeIDE_2.0.0/STM32CubeIDE/plugins/com.st.stm32cube.ide.mcu.externaltools.gnu-tools-for-stm32.13.3.rel1.win32_1.0.100.202509120712/tools/bin/../lib/gcc/arm-none-eabi/13.3.1/thumb/v6-m/nofp\libgcc.a(ledf2.o)
                0x08001b0c                __ledf2
                0x08001b0c                __ltdf2
 .text          0x08001be8      0x5cc C:/ST/STM32CubeIDE_2.0.0/STM32CubeIDE/plugins/com.st.stm32cube.ide.mcu.externaltools.gnu-tools-for-stm32.13.3.rel1.win32_1.0.100.202509120712/tools/bin/../lib/gcc/arm-none-eabi/13.3.1/thumb/v6-m/nofp\libgcc.a(muldf3.o)
                0x08001be8                __aeabi_dmul
 .text          0x080021b4      0x814 C:/ST/STM32CubeIDE_2.0.0/STM32CubeIDE/plugins/com.st.stm32cube.ide.mcu.externaltools.gnu-tools-for-stm32.13.3.rel1.win32_1.0.100.202509120712/tools/bin/../lib/gcc/arm-none-eabi/13.3.1/thumb/v6-m/nofp\libgcc.a(subdf3.o)
                0x080021b4                __aeabi_dsub
 .text          0x080029c8       0x78 C:/ST/STM32CubeIDE_2.0.0/STM32CubeIDE/plugins/com.st.stm32cube.ide.mcu.externaltools.gnu-tools-for-stm32.13.3.rel1.win32_1.0.100.202509120712/tools/bin/../lib/gcc/arm-none-eabi/13.3.1/thumb/v6-m/nofp\libgcc.a(fixdfsi.o)
                0x080029c8                __aeabi_d2iz
 .text          0x08002a40       0x5c C:/ST/STM32CubeIDE_2.0.0/STM32CubeIDE/plugins/com.st.stm32cube.ide.mcu.externaltools.gnu-tools-for-stm32.13.3.rel1.win32_1.0.100.202509120712/tools/bin/../lib/gcc/arm-none-eabi/13.3.1/thumb/v6-m/nofp\libgcc.a(floatsidf.o)
                0x08002a40                __aeabi_i2d
 .text          0x08002a9c       0x48 C:/ST/STM32CubeIDE_2.0.0/STM32CubeIDE/plugins/com.st.stm32cube.ide.mcu.externaltools.gnu-tools-for-stm32.13.3.rel1.win32_1.0.100.202509120712/tools/bin/../lib/gcc/arm-none-eabi/13.3.1/thumb/v6-m/nofp\libgcc.a(floatunsidf.o)
                0x08002a9c                __aeabi_ui2d
 .text          0x08002ae4       0x90 C:/ST/STM32CubeIDE_2.0.0/STM32CubeIDE/plugins/com.st.stm32cube.ide.mcu.externaltools.gnu-tools-for-stm32.13.3.rel1.win32_1.0.100.202509120712/tools/bin/../lib/gcc/arm-none-eabi/13.3.1/thumb/v6-m/nofp\libgcc.a(extendsfdf2.o)
                0x08002ae4                __aeabi_f2d
 .text          0x08002b74      0x104 C:/ST/STM32CubeIDE_2.0.0/STM32CubeIDE/plugins/com.st.stm32cube.ide.mcu.externaltools.gnu-tools-for-stm32.13.3.rel1.win32_1.0.100.202509120712/tools/bin/../lib/gcc/arm-none-eabi/13.3.1/thumb/v6-m/nofp\libgcc.a(truncdfsf2.o)
                0x08002b74                __aeabi_d2f
 .text          0x08002c78       0x3c C:/ST/STM32CubeIDE_2.0.0/STM32CubeIDE/plugins/com.st.stm32cube.ide.mcu.externaltools.gnu-tools-for-stm32.13.3.rel1.win32_1.0.100.202509120712/tools/bin/../lib/gcc/arm-none-eabi/13.3.1/thumb/v6-m/nofp\libgcc.a(_clzsi2.o)
                0x08002c78                __clzsi2
 .text          0x08002cb4      0x1d8 C:/ST/STM32CubeIDE_2.0.0/STM32CubeIDE/plugins/com.st.stm32cube.ide.mcu.externaltools.gnu-tools-for-stm32.13.3.rel1.win32_1.0.100.202509120712/tools/bin/../lib/gcc/arm-none-eabi/13.3.1/thumb/v6-m/nofp\libgcc.a(_divdi3.o)
                0x08002cb4                __divdi3
 .text          0x08002e8c       0x18 C:/ST/STM32CubeIDE_2.0.0/STM32CubeIDE/plugins/com.st.stm32cube.ide.mcu.externaltools.gnu-tools-for-stm32.13.3.rel1.win32_1.0.100.202509120712/tools/bin/../lib/gcc/arm-none-eabi/13.3.1/thumb/v6-m/nofp\libgcc.a(_clzdi2.o)
                0x08002e8c                __clzdi2
 *(.text*)
 .text.uart_print
                0x08002ea4       0x2c ./Core/Src/main.o
 .text.uart_printf
                0x08002ed0       0x42 ./Core/Src/main.o
 *fill*         0x08002f12        0x2 
 .text.trim     0x08002f14       0x9c ./Core/Src/main.o
 .text.parse_pin_list
                0x08002fb0      0x110 ./Core/Src/main.o
 .text.parse_vin_limits_mv
                0x080030c0      0x184 ./Core/Src/main.o
 .text.parse_prm
                0x08003244      0x1f8 ./Core/Src/main.o
 .text.normalize_vip_bin_lengths
                0x0800343c      0x1b2 ./Core/Src/main.o
 *fill*         0x080035ee        0x2 
 .text.parse_vip_token
                0x080035f0      0x1e8 ./Core/Src/main.o
 .text.parse_vip_list
                0x080037d8      0x168 ./Core/Src/main.o
 .text.handle_command_line
                0x08003940      0x2c0 ./Core/Src/main.o
 .text.main     0x08003c00       0x70 ./Core/Src/main.o
                0x08003c00                main
 .text.SystemClock_Config
                0x08003c70       0x98 ./Core/Src/main.o
                0x08003c70                SystemClock_Config
 .text.MX_I2C1_Init
                0x08003d08       0x80 ./Core/Src/main.o
 .text.MX_I2C2_Init
                0x08003d88       0x80 ./Core/Src/main.o
 .text.MX_USART1_UART_Init
                0x08003e08       0x9c ./Core/Src/main.o
 .text.MX_USART2_UART_Init
                0x08003ea4       0x68 ./Core/Src/main.o
 .text.MX_GPIO_Init
                0x08003f0c      0x11c ./Core/Src/main.o
 .text.HAL_UART_RxCpltCallback
                0x08004028       0xb8 ./Core/Src/main.o
                0x08004028                HAL_UART_RxCpltCallback
 .text.Error_Handler
                0x080040e0        0xc ./Core/Src/main.o
                0x080040e0                Error_Handler
 .text.write_gpio_bit
                0x080040ec       0x38 ./Core/Src/mux_utils.o
 .text.mux708_set_channel
                0x08004124       0x7c ./Core/Src/mux_utils.o
                0x08004124                mux708_set_channel
 .text.mux709_set_channel
                0x080041a0       0x62 ./Core/Src/mux_utils.o
                0x080041a0                mux709_set_channel
 *fill*         0x08004202        0x2 
 .text.map_output_pin_to_mux
                0x08004204      0x180 ./Core/Src/mux_utils.o
                0x08004204                map_output_pin_to_mux
 .text.mux_select_dut_output_pin
                0x08004384       0x4c ./Core/Src/mux_utils.o
                0x08004384                mux_select_dut_output_pin
 .text.nau_uart_print
                0x080043d0       0x2c ./Core/Src/nau7802.o
 .text.nau_uart_printf
                0x080043fc       0x3c ./Core/Src/nau7802.o
 .text.nau7802_write_reg
                0x08004438       0x44 ./Core/Src/nau7802.o
 .text.nau7802_read_reg
                0x0800447c       0x5c ./Core/Src/nau7802.o
 .text.nau7802_read_regs
                0x080044d8       0x70 ./Core/Src/nau7802.o
 .text.nau7802_update_bits
                0x08004548       0x84 ./Core/Src/nau7802.o
 .text.nau7802_raw_to_mv
                0x080045cc       0xb8 ./Core/Src/nau7802.o
 .text.nau7802_reset
                0x08004684       0x54 ./Core/Src/nau7802.o
                0x08004684                nau7802_reset
 .text.nau7802_wait_powerup
                0x080046d8       0x60 ./Core/Src/nau7802.o
                0x080046d8                nau7802_wait_powerup
 .text.nau7802_init
                0x08004738      0x228 ./Core/Src/nau7802.o
                0x08004738                nau7802_init
 .text.nau7802_wait_conversion_ready
                0x08004960       0x60 ./Core/Src/nau7802.o
                0x08004960                nau7802_wait_conversion_ready
 .text.nau7802_read_raw
                0x080049c0       0xa0 ./Core/Src/nau7802.o
                0x080049c0                nau7802_read_raw
 .text.nau7802_read_mv
                0x08004a60       0x4a ./Core/Src/nau7802.o
                0x08004a60                nau7802_read_mv
 *fill*         0x08004aaa        0x2 
 .text.HAL_MspInit
                0x08004aac       0x48 ./Core/Src/stm32c0xx_hal_msp.o
                0x08004aac                HAL_MspInit
 .text.HAL_I2C_MspInit
                0x08004af4      0x144 ./Core/Src/stm32c0xx_hal_msp.o
                0x08004af4                HAL_I2C_MspInit
 .text.HAL_UART_MspInit
                0x08004c38      0x154 ./Core/Src/stm32c0xx_hal_msp.o
                0x08004c38                HAL_UART_MspInit
 .text.NMI_Handler
                0x08004d8c        0x8 ./Core/Src/stm32c0xx_it.o
                0x08004d8c                NMI_Handler
 .text.HardFault_Handler
                0x08004d94        0x8 ./Core/Src/stm32c0xx_it.o
                0x08004d94                HardFault_Handler
 .text.SVC_Handler
                0x08004d9c        0xa ./Core/Src/stm32c0xx_it.o
                0x08004d9c                SVC_Handler
 .text.PendSV_Handler
                0x08004da6        0xa ./Core/Src/stm32c0xx_it.o
                0x08004da6                PendSV_Handler
 .text.SysTick_Handler
                0x08004db0        0xe ./Core/Src/stm32c0xx_it.o
                0x08004db0                SysTick_Handler
 *fill*         0x08004dbe        0x2 
 .text.I2C2_IRQHandler
                0x08004dc0       0x30 ./Core/Src/stm32c0xx_it.o
                0x08004dc0                I2C2_IRQHandler
 .text.USART1_IRQHandler
                0x08004df0       0x18 ./Core/Src/stm32c0xx_it.o
                0x08004df0                USART1_IRQHandler
 .text.USART2_IRQHandler
                0x08004e08       0x18 ./Core/Src/stm32c0xx_it.o
                0x08004e08                USART2_IRQHandler
 .text._getpid  0x08004e20        0xc ./Core/Src/syscalls.o
                0x08004e20                _getpid
 .text._kill    0x08004e2c       0x20 ./Core/Src/syscalls.o
                0x08004e2c                _kill
 .text._exit    0x08004e4c       0x1a ./Core/Src/syscalls.o
                0x08004e4c                _exit
 .text._read    0x08004e66       0x3a ./Core/Src/syscalls.o
                0x08004e66                _read
 .text._write   0x08004ea0       0x38 ./Core/Src/syscalls.o
                0x08004ea0                _write
 .text._close   0x08004ed8       0x14 ./Core/Src/syscalls.o
                0x08004ed8                _close
 .text._fstat   0x08004eec       0x1c ./Core/Src/syscalls.o
                0x08004eec                _fstat
 .text._isatty  0x08004f08       0x12 ./Core/Src/syscalls.o
                0x08004f08                _isatty
 .text._lseek   0x08004f1a       0x16 ./Core/Src/syscalls.o
                0x08004f1a                _lseek
 .text._sbrk    0x08004f30       0x6c ./Core/Src/sysmem.o
                0x08004f30                _sbrk
 .text.SystemInit
                0x08004f9c       0x18 ./Core/Src/system_stm32c0xx.o
                0x08004f9c                SystemInit
 .text.test_uart_print
                0x08004fb4       0x2c ./Core/Src/test_utils.o
 .text.test_uart_printf
                0x08004fe0       0x42 ./Core/Src/test_utils.o
                0x08004fe0                test_uart_printf
 *fill*         0x08005022        0x2 
 .text.adg_encode_x
                0x08005024       0xb4 ./Core/Src/test_utils.o
 .text.adg_write_crosspoint
                0x080050d8       0xd0 ./Core/Src/test_utils.o
 .text.map_dut_pin
                0x080051a8      0x18c ./Core/Src/test_utils.o
 .text.map_route_source_to_y
                0x08005334       0x8c ./Core/Src/test_utils.o
 .text.disconnect_dut_pin
                0x080053c0       0x8e ./Core/Src/test_utils.o
 .text.connect_dut_pin_to_source
                0x0800544e       0x78 ./Core/Src/test_utils.o
 .text.disconnect_all_pins
                0x080054c6       0x34 ./Core/Src/test_utils.o
 .text.stm32_source_gpio_write
                0x080054fa       0x26 ./Core/Src/test_utils.o
 .text.stm32_source_gpio_idle_low
                0x08005520       0x10 ./Core/Src/test_utils.o
 .text.pulse_stm32_source_gpio
                0x08005530       0x40 ./Core/Src/test_utils.o
 .text.vcc_mv_to_route_source
                0x08005570       0xc8 ./Core/Src/test_utils.o
 .text.drive_dut_input_pin
                0x08005638       0x86 ./Core/Src/test_utils.o
 *fill*         0x080056be        0x2 
 .text.vip_voltage_to_route_source
                0x080056c0       0xe0 ./Core/Src/test_utils.o
 .text.vip_bin_length_bits
                0x080057a0       0x9a ./Core/Src/test_utils.o
 .text.vip_bin_get_symbol
                0x0800583a       0xb4 ./Core/Src/test_utils.o
 *fill*         0x080058ee        0x2 
 .text.execute_vip_edge_on_pin
                0x080058f0       0xe4 ./Core/Src/test_utils.o
 .text.determine_serial_pattern_length
                0x080059d4       0xbc ./Core/Src/test_utils.o
 .text.configure_clock_inputs_once
                0x08005a90       0xec ./Core/Src/test_utils.o
 .text.apply_inputs_for_step
                0x08005b7c      0x230 ./Core/Src/test_utils.o
 .text.adc_settle_and_read_mv
                0x08005dac       0xa0 ./Core/Src/test_utils.o
 .text.read_outputs_for_step
                0x08005e4c      0x104 ./Core/Src/test_utils.o
 .text.step_has_clock_event
                0x08005f50       0x5a ./Core/Src/test_utils.o
 *fill*         0x08005faa        0x2 
 .text.execute_step_events
                0x08005fac       0x4c ./Core/Src/test_utils.o
 .text.reset_parsed_state
                0x08005ff8       0x26 ./Core/Src/test_utils.o
 *fill*         0x0800601e        0x2 
 .text.Test     0x08006020      0x288 ./Core/Src/test_utils.o
                0x08006020                Test
 .text.Reset_Handler
                0x080062a8       0x50 ./Core/Startup/startup_stm32c071rbtxn.o
                0x080062a8                Reset_Handler
 .text.Default_Handler
                0x080062f8        0x2 ./Core/Startup/startup_stm32c071rbtxn.o
                0x080062f8                TIM1_CC_IRQHandler
                0x080062f8                USB_DRD_FS_IRQHandler
                0x080062f8                I2C1_IRQHandler
                0x080062f8                RCC_CRS_IRQHandler
                0x080062f8                SPI1_IRQHandler
                0x080062f8                EXTI2_3_IRQHandler
                0x080062f8                ADC1_IRQHandler
                0x080062f8                TIM17_IRQHandler
                0x080062f8                RTC_IRQHandler
                0x080062f8                PVD_VDDIO2_IRQHandler
                0x080062f8                TIM16_IRQHandler
                0x080062f8                TIM3_IRQHandler
                0x080062f8                EXTI4_15_IRQHandler
                0x080062f8                DMA1_Channel1_IRQHandler
                0x080062f8                Default_Handler
                0x080062f8                TIM14_IRQHandler
                0x080062f8                EXTI0_1_IRQHandler
                0x080062f8                SPI2_IRQHandler
                0x080062f8                WWDG_IRQHandler
                0x080062f8                TIM2_IRQHandler
                0x080062f8                DMA1_Channel2_3_IRQHandler
                0x080062f8                DMAMUX1_DMA1_CH4_5_IRQHandler
                0x080062f8                FLASH_IRQHandler
                0x080062f8                TIM1_BRK_UP_TRG_COM_IRQHandler
 .text.HAL_Init
                0x080062fa       0x2e ./Drivers/STM32C0xx_HAL_Driver/Src/stm32c0xx_hal.o
                0x080062fa                HAL_Init
 .text.HAL_InitTick
                0x08006328       0x94 ./Drivers/STM32C0xx_HAL_Driver/Src/stm32c0xx_hal.o
                0x08006328                HAL_InitTick
 .text.HAL_IncTick
                0x080063bc       0x24 ./Drivers/STM32C0xx_HAL_Driver/Src/stm32c0xx_hal.o
                0x080063bc                HAL_IncTick
 .text.HAL_GetTick
                0x080063e0       0x14 ./Drivers/STM32C0xx_HAL_Driver/Src/stm32c0xx_hal.o
                0x080063e0                HAL_GetTick
 .text.HAL_Delay
                0x080063f4       0x48 ./Drivers/STM32C0xx_HAL_Driver/Src/stm32c0xx_hal.o
                0x080063f4                HAL_Delay
 .text.__NVIC_EnableIRQ
                0x0800643c       0x34 ./Drivers/STM32C0xx_HAL_Driver/Src/stm32c0xx_hal_cortex.o
 .text.__NVIC_SetPriority
                0x08006470       0xdc ./Drivers/STM32C0xx_HAL_Driver/Src/stm32c0xx_hal_cortex.o
 .text.SysTick_Config
                0x0800654c       0x48 ./Drivers/STM32C0xx_HAL_Driver/Src/stm32c0xx_hal_cortex.o
 .text.HAL_NVIC_SetPriority
                0x08006594       0x2a ./Drivers/STM32C0xx_HAL_Driver/Src/stm32c0xx_hal_cortex.o
                0x08006594                HAL_NVIC_SetPriority
 .text.HAL_NVIC_EnableIRQ
                0x080065be       0x20 ./Drivers/STM32C0xx_HAL_Driver/Src/stm32c0xx_hal_cortex.o
                0x080065be                HAL_NVIC_EnableIRQ
 .text.HAL_SYSTICK_Config
                0x080065de       0x1a ./Drivers/STM32C0xx_HAL_Driver/Src/stm32c0xx_hal_cortex.o
                0x080065de                HAL_SYSTICK_Config
 .text.HAL_DMA_Abort
                0x080065f8       0xc4 ./Drivers/STM32C0xx_HAL_Driver/Src/stm32c0xx_hal_dma.o
                0x080065f8                HAL_DMA_Abort
 .text.HAL_DMA_Abort_IT
                0x080066bc       0xf4 ./Drivers/STM32C0xx_HAL_Driver/Src/stm32c0xx_hal_dma.o
                0x080066bc                HAL_DMA_Abort_IT
 .text.HAL_DMA_GetState
                0x080067b0       0x18 ./Drivers/STM32C0xx_HAL_Driver/Src/stm32c0xx_hal_dma.o
                0x080067b0                HAL_DMA_GetState
 .text.HAL_GPIO_Init
                0x080067c8      0x2e4 ./Drivers/STM32C0xx_HAL_Driver/Src/stm32c0xx_hal_gpio.o
                0x080067c8                HAL_GPIO_Init
 .text.HAL_GPIO_WritePin
                0x08006aac       0x3a ./Drivers/STM32C0xx_HAL_Driver/Src/stm32c0xx_hal_gpio.o
                0x08006aac                HAL_GPIO_WritePin
 *fill*         0x08006ae6        0x2 
 .text.HAL_I2C_Init
                0x08006ae8      0x14c ./Drivers/STM32C0xx_HAL_Driver/Src/stm32c0xx_hal_i2c.o
                0x08006ae8                HAL_I2C_Init
 .text.HAL_I2C_Master_Transmit
                0x08006c34      0x254 ./Drivers/STM32C0xx_HAL_Driver/Src/stm32c0xx_hal_i2c.o
                0x08006c34                HAL_I2C_Master_Transmit
 .text.HAL_I2C_Master_Receive
                0x08006e88      0x210 ./Drivers/STM32C0xx_HAL_Driver/Src/stm32c0xx_hal_i2c.o
                0x08006e88                HAL_I2C_Master_Receive
 .text.HAL_I2C_IsDeviceReady
                0x08007098      0x23c ./Drivers/STM32C0xx_HAL_Driver/Src/stm32c0xx_hal_i2c.o
                0x08007098                HAL_I2C_IsDeviceReady
 .text.HAL_I2C_EV_IRQHandler
                0x080072d4       0x34 ./Drivers/STM32C0xx_HAL_Driver/Src/stm32c0xx_hal_i2c.o
                0x080072d4                HAL_I2C_EV_IRQHandler
 .text.HAL_I2C_ER_IRQHandler
                0x08007308       0xc4 ./Drivers/STM32C0xx_HAL_Driver/Src/stm32c0xx_hal_i2c.o
                0x08007308                HAL_I2C_ER_IRQHandler
 .text.HAL_I2C_SlaveTxCpltCallback
                0x080073cc       0x10 ./Drivers/STM32C0xx_HAL_Driver/Src/stm32c0xx_hal_i2c.o
                0x080073cc                HAL_I2C_SlaveTxCpltCallback
 .text.HAL_I2C_SlaveRxCpltCallback
                0x080073dc       0x10 ./Drivers/STM32C0xx_HAL_Driver/Src/stm32c0xx_hal_i2c.o
                0x080073dc                HAL_I2C_SlaveRxCpltCallback
 .text.HAL_I2C_AddrCallback
                0x080073ec       0x20 ./Drivers/STM32C0xx_HAL_Driver/Src/stm32c0xx_hal_i2c.o
                0x080073ec                HAL_I2C_AddrCallback
 .text.HAL_I2C_ListenCpltCallback
                0x0800740c       0x10 ./Drivers/STM32C0xx_HAL_Driver/Src/stm32c0xx_hal_i2c.o
                0x0800740c                HAL_I2C_ListenCpltCallback
 .text.HAL_I2C_ErrorCallback
                0x0800741c       0x10 ./Drivers/STM32C0xx_HAL_Driver/Src/stm32c0xx_hal_i2c.o
                0x0800741c                HAL_I2C_ErrorCallback
 .text.HAL_I2C_AbortCpltCallback
                0x0800742c       0x10 ./Drivers/STM32C0xx_HAL_Driver/Src/stm32c0xx_hal_i2c.o
                0x0800742c                HAL_I2C_AbortCpltCallback
 .text.I2C_Slave_ISR_IT
                0x0800743c      0x228 ./Drivers/STM32C0xx_HAL_Driver/Src/stm32c0xx_hal_i2c.o
 .text.I2C_ITAddrCplt
                0x08007664      0x148 ./Drivers/STM32C0xx_HAL_Driver/Src/stm32c0xx_hal_i2c.o
 .text.I2C_ITSlaveSeqCplt
                0x080077ac       0xcc ./Drivers/STM32C0xx_HAL_Driver/Src/stm32c0xx_hal_i2c.o
 .text.I2C_ITSlaveCplt
                0x08007878      0x320 ./Drivers/STM32C0xx_HAL_Driver/Src/stm32c0xx_hal_i2c.o
 .text.I2C_ITListenCplt
                0x08007b98       0xb4 ./Drivers/STM32C0xx_HAL_Driver/Src/stm32c0xx_hal_i2c.o
 .text.I2C_ITError
                0x08007c4c      0x204 ./Drivers/STM32C0xx_HAL_Driver/Src/stm32c0xx_hal_i2c.o
 .text.I2C_TreatErrorCallback
                0x08007e50       0x52 ./Drivers/STM32C0xx_HAL_Driver/Src/stm32c0xx_hal_i2c.o
 .text.I2C_Flush_TXDR
                0x08007ea2       0x44 ./Drivers/STM32C0xx_HAL_Driver/Src/stm32c0xx_hal_i2c.o
 .text.I2C_DMAAbort
                0x08007ee6       0x3e ./Drivers/STM32C0xx_HAL_Driver/Src/stm32c0xx_hal_i2c.o
 .text.I2C_WaitOnFlagUntilTimeout
                0x08007f24       0xb0 ./Drivers/STM32C0xx_HAL_Driver/Src/stm32c0xx_hal_i2c.o
 .text.I2C_WaitOnTXISFlagUntilTimeout
                0x08007fd4       0x8c ./Drivers/STM32C0xx_HAL_Driver/Src/stm32c0xx_hal_i2c.o
 .text.I2C_WaitOnSTOPFlagUntilTimeout
                0x08008060       0x86 ./Drivers/STM32C0xx_HAL_Driver/Src/stm32c0xx_hal_i2c.o
 *fill*         0x080080e6        0x2 
 .text.I2C_WaitOnRXNEFlagUntilTimeout
                0x080080e8      0x13c ./Drivers/STM32C0xx_HAL_Driver/Src/stm32c0xx_hal_i2c.o
 .text.I2C_IsErrorOccurred
                0x08008224      0x1f0 ./Drivers/STM32C0xx_HAL_Driver/Src/stm32c0xx_hal_i2c.o
 .text.I2C_TransferConfig
                0x08008414       0x74 ./Drivers/STM32C0xx_HAL_Driver/Src/stm32c0xx_hal_i2c.o
 .text.I2C_Disable_IRQ
                0x08008488       0xc6 ./Drivers/STM32C0xx_HAL_Driver/Src/stm32c0xx_hal_i2c.o
 *fill*         0x0800854e        0x2 
 .text.HAL_I2CEx_ConfigAnalogFilter
                0x08008550       0x98 ./Drivers/STM32C0xx_HAL_Driver/Src/stm32c0xx_hal_i2c_ex.o
                0x08008550                HAL_I2CEx_ConfigAnalogFilter
 .text.HAL_I2CEx_ConfigDigitalFilter
                0x080085e8       0x98 ./Drivers/STM32C0xx_HAL_Driver/Src/stm32c0xx_hal_i2c_ex.o
                0x080085e8                HAL_I2CEx_ConfigDigitalFilter
 .text.HAL_RCC_OscConfig
                0x08008680      0x44c ./Drivers/STM32C0xx_HAL_Driver/Src/stm32c0xx_hal_rcc.o
                0x08008680                HAL_RCC_OscConfig
 .text.HAL_RCC_ClockConfig
                0x08008acc      0x230 ./Drivers/STM32C0xx_HAL_Driver/Src/stm32c0xx_hal_rcc.o
                0x08008acc                HAL_RCC_ClockConfig
 .text.HAL_RCC_GetSysClockFreq
                0x08008cfc       0xb0 ./Drivers/STM32C0xx_HAL_Driver/Src/stm32c0xx_hal_rcc.o
                0x08008cfc                HAL_RCC_GetSysClockFreq
 .text.HAL_RCC_GetHCLKFreq
                0x08008dac       0x3c ./Drivers/STM32C0xx_HAL_Driver/Src/stm32c0xx_hal_rcc.o
                0x08008dac                HAL_RCC_GetHCLKFreq
 .text.HAL_RCC_GetPCLK1Freq
                0x08008de8       0x30 ./Drivers/STM32C0xx_HAL_Driver/Src/stm32c0xx_hal_rcc.o
                0x08008de8                HAL_RCC_GetPCLK1Freq
 .text.HAL_RCCEx_PeriphCLKConfig
                0x08008e18      0x1f8 ./Drivers/STM32C0xx_HAL_Driver/Src/stm32c0xx_hal_rcc_ex.o
                0x08008e18                HAL_RCCEx_PeriphCLKConfig
 .text.HAL_UART_Init
                0x08009010       0xac ./Drivers/STM32C0xx_HAL_Driver/Src/stm32c0xx_hal_uart.o
                0x08009010                HAL_UART_Init
 .text.HAL_UART_Transmit
                0x080090bc      0x148 ./Drivers/STM32C0xx_HAL_Driver/Src/stm32c0xx_hal_uart.o
                0x080090bc                HAL_UART_Transmit
 .text.HAL_UART_Receive_IT
                0x08009204       0xae ./Drivers/STM32C0xx_HAL_Driver/Src/stm32c0xx_hal_uart.o
                0x08009204                HAL_UART_Receive_IT
 *fill*         0x080092b2        0x2 
 .text.HAL_UART_IRQHandler
                0x080092b4      0x68c ./Drivers/STM32C0xx_HAL_Driver/Src/stm32c0xx_hal_uart.o
                0x080092b4                HAL_UART_IRQHandler
 .text.HAL_UART_TxCpltCallback
                0x08009940       0x10 ./Drivers/STM32C0xx_HAL_Driver/Src/stm32c0xx_hal_uart.o
                0x08009940                HAL_UART_TxCpltCallback
 .text.HAL_UART_ErrorCallback
                0x08009950       0x10 ./Drivers/STM32C0xx_HAL_Driver/Src/stm32c0xx_hal_uart.o
                0x08009950                HAL_UART_ErrorCallback
 .text.HAL_UARTEx_RxEventCallback
                0x08009960       0x16 ./Drivers/STM32C0xx_HAL_Driver/Src/stm32c0xx_hal_uart.o
                0x08009960                HAL_UARTEx_RxEventCallback
 *fill*         0x08009976        0x2 
 .text.UART_SetConfig
                0x08009978      0x2fc ./Drivers/STM32C0xx_HAL_Driver/Src/stm32c0xx_hal_uart.o
                0x08009978                UART_SetConfig
 .text.UART_AdvFeatureConfig
                0x08009c74      0x168 ./Drivers/STM32C0xx_HAL_Driver/Src/stm32c0xx_hal_uart.o
                0x08009c74                UART_AdvFeatureConfig
 .text.UART_CheckIdleState
                0x08009ddc      0x154 ./Drivers/STM32C0xx_HAL_Driver/Src/stm32c0xx_hal_uart.o
                0x08009ddc                UART_CheckIdleState
 .text.UART_WaitOnFlagUntilTimeout
                0x08009f30       0xde ./Drivers/STM32C0xx_HAL_Driver/Src/stm32c0xx_hal_uart.o
                0x08009f30                UART_WaitOnFlagUntilTimeout
 *fill*         0x0800a00e        0x2 
 .text.UART_Start_Receive_IT
                0x0800a010      0x248 ./Drivers/STM32C0xx_HAL_Driver/Src/stm32c0xx_hal_uart.o
                0x0800a010                UART_Start_Receive_IT
 .text.UART_EndRxTransfer
                0x0800a258       0xcc ./Drivers/STM32C0xx_HAL_Driver/Src/stm32c0xx_hal_uart.o
 .text.UART_DMAAbortOnError
                0x0800a324       0x26 ./Drivers/STM32C0xx_HAL_Driver/Src/stm32c0xx_hal_uart.o
 .text.UART_EndTransmit_IT
                0x0800a34a       0x58 ./Drivers/STM32C0xx_HAL_Driver/Src/stm32c0xx_hal_uart.o
 *fill*         0x0800a3a2        0x2 
 .text.UART_RxISR_8BIT
                0x0800a3a4      0x1b8 ./Drivers/STM32C0xx_HAL_Driver/Src/stm32c0xx_hal_uart.o
 .text.UART_RxISR_16BIT
                0x0800a55c      0x1b8 ./Drivers/STM32C0xx_HAL_Driver/Src/stm32c0xx_hal_uart.o
 .text.UART_RxISR_8BIT_FIFOEN
                0x0800a714      0x334 ./Drivers/STM32C0xx_HAL_Driver/Src/stm32c0xx_hal_uart.o
 .text.UART_RxISR_16BIT_FIFOEN
                0x0800aa48      0x34c ./Drivers/STM32C0xx_HAL_Driver/Src/stm32c0xx_hal_uart.o
 .text.HAL_UARTEx_WakeupCallback
                0x0800ad94       0x10 ./Drivers/STM32C0xx_HAL_Driver/Src/stm32c0xx_hal_uart_ex.o
                0x0800ad94                HAL_UARTEx_WakeupCallback
 .text.HAL_UARTEx_RxFifoFullCallback
                0x0800ada4       0x10 ./Drivers/STM32C0xx_HAL_Driver/Src/stm32c0xx_hal_uart_ex.o
                0x0800ada4                HAL_UARTEx_RxFifoFullCallback
 .text.HAL_UARTEx_TxFifoEmptyCallback
                0x0800adb4       0x10 ./Drivers/STM32C0xx_HAL_Driver/Src/stm32c0xx_hal_uart_ex.o
                0x0800adb4                HAL_UARTEx_TxFifoEmptyCallback
 .text.HAL_UARTEx_DisableFifoMode
                0x0800adc4       0x74 ./Drivers/STM32C0xx_HAL_Driver/Src/stm32c0xx_hal_uart_ex.o
                0x0800adc4                HAL_UARTEx_DisableFifoMode
 .text.HAL_UARTEx_SetTxFifoThreshold
                0x0800ae38       0x7e ./Drivers/STM32C0xx_HAL_Driver/Src/stm32c0xx_hal_uart_ex.o
                0x0800ae38                HAL_UARTEx_SetTxFifoThreshold
 *fill*         0x0800aeb6        0x2 
 .text.HAL_UARTEx_SetRxFifoThreshold
                0x0800aeb8       0x84 ./Drivers/STM32C0xx_HAL_Driver/Src/stm32c0xx_hal_uart_ex.o
                0x0800aeb8                HAL_UARTEx_SetRxFifoThreshold
 .text.UARTEx_SetNbDataToProcess
                0x0800af3c       0xbc ./Drivers/STM32C0xx_HAL_Driver/Src/stm32c0xx_hal_uart_ex.o
 .text.sulp     0x0800aff8       0x30 C:/ST/STM32CubeIDE_2.0.0/STM32CubeIDE/plugins/com.st.stm32cube.ide.mcu.externaltools.gnu-tools-for-stm32.13.3.rel1.win32_1.0.100.202509120712/tools/bin/../lib/gcc/arm-none-eabi/13.3.1/../../../../arm-none-eabi/lib/thumb/v6-m/nofp\libc_nano.a(libc_a-strtod.o)
 .text._strtod_l
                0x0800b028      0xbfc C:/ST/STM32CubeIDE_2.0.0/STM32CubeIDE/plugins/com.st.stm32cube.ide.mcu.externaltools.gnu-tools-for-stm32.13.3.rel1.win32_1.0.100.202509120712/tools/bin/../lib/gcc/arm-none-eabi/13.3.1/../../../../arm-none-eabi/lib/thumb/v6-m/nofp\libc_nano.a(libc_a-strtod.o)
                0x0800b028                _strtod_l
 .text.strtod   0x0800bc24       0x1c C:/ST/STM32CubeIDE_2.0.0/STM32CubeIDE/plugins/com.st.stm32cube.ide.mcu.externaltools.gnu-tools-for-stm32.13.3.rel1.win32_1.0.100.202509120712/tools/bin/../lib/gcc/arm-none-eabi/13.3.1/../../../../arm-none-eabi/lib/thumb/v6-m/nofp\libc_nano.a(libc_a-strtod.o)
                0x0800bc24                strtod
 .text._strtol_l.isra.0
                0x0800bc40      0x114 C:/ST/STM32CubeIDE_2.0.0/STM32CubeIDE/plugins/com.st.stm32cube.ide.mcu.externaltools.gnu-tools-for-stm32.13.3.rel1.win32_1.0.100.202509120712/tools/bin/../lib/gcc/arm-none-eabi/13.3.1/../../../../arm-none-eabi/lib/thumb/v6-m/nofp\libc_nano.a(libc_a-strtol.o)
 .text.strtol   0x0800bd54       0x18 C:/ST/STM32CubeIDE_2.0.0/STM32CubeIDE/plugins/com.st.stm32cube.ide.mcu.externaltools.gnu-tools-for-stm32.13.3.rel1.win32_1.0.100.202509120712/tools/bin/../lib/gcc/arm-none-eabi/13.3.1/../../../../arm-none-eabi/lib/thumb/v6-m/nofp\libc_nano.a(libc_a-strtol.o)
                0x0800bd54                strtol
 .text.std      0x0800bd6c       0x6c C:/ST/STM32CubeIDE_2.0.0/STM32CubeIDE/plugins/com.st.stm32cube.ide.mcu.externaltools.gnu-tools-for-stm32.13.3.rel1.win32_1.0.100.202509120712/tools/bin/../lib/gcc/arm-none-eabi/13.3.1/../../../../arm-none-eabi/lib/thumb/v6-m/nofp\libc_nano.a(libc_a-findfp.o)
 .text.stdio_exit_handler
                0x0800bdd8       0x1c C:/ST/STM32CubeIDE_2.0.0/STM32CubeIDE/plugins/com.st.stm32cube.ide.mcu.externaltools.gnu-tools-for-stm32.13.3.rel1.win32_1.0.100.202509120712/tools/bin/../lib/gcc/arm-none-eabi/13.3.1/../../../../arm-none-eabi/lib/thumb/v6-m/nofp\libc_nano.a(libc_a-findfp.o)
 .text.cleanup_stdio
                0x0800bdf4       0x3c C:/ST/STM32CubeIDE_2.0.0/STM32CubeIDE/plugins/com.st.stm32cube.ide.mcu.externaltools.gnu-tools-for-stm32.13.3.rel1.win32_1.0.100.202509120712/tools/bin/../lib/gcc/arm-none-eabi/13.3.1/../../../../arm-none-eabi/lib/thumb/v6-m/nofp\libc_nano.a(libc_a-findfp.o)
 .text.global_stdio_init.part.0
                0x0800be30       0x3c C:/ST/STM32CubeIDE_2.0.0/STM32CubeIDE/plugins/com.st.stm32cube.ide.mcu.externaltools.gnu-tools-for-stm32.13.3.rel1.win32_1.0.100.202509120712/tools/bin/../lib/gcc/arm-none-eabi/13.3.1/../../../../arm-none-eabi/lib/thumb/v6-m/nofp\libc_nano.a(libc_a-findfp.o)
 .text.__sfp_lock_acquire
                0x0800be6c       0x10 C:/ST/STM32CubeIDE_2.0.0/STM32CubeIDE/plugins/com.st.stm32cube.ide.mcu.externaltools.gnu-tools-for-stm32.13.3.rel1.win32_1.0.100.202509120712/tools/bin/../lib/gcc/arm-none-eabi/13.3.1/../../../../arm-none-eabi/lib/thumb/v6-m/nofp\libc_nano.a(libc_a-findfp.o)
                0x0800be6c                __sfp_lock_acquire
 .text.__sfp_lock_release
                0x0800be7c       0x10 C:/ST/STM32CubeIDE_2.0.0/STM32CubeIDE/plugins/com.st.stm32cube.ide.mcu.externaltools.gnu-tools-for-stm32.13.3.rel1.win32_1.0.100.202509120712/tools/bin/../lib/gcc/arm-none-eabi/13.3.1/../../../../arm-none-eabi/lib/thumb/v6-m/nofp\libc_nano.a(libc_a-findfp.o)
                0x0800be7c                __sfp_lock_release
 .text.__sinit  0x0800be8c       0x30 C:/ST/STM32CubeIDE_2.0.0/STM32CubeIDE/plugins/com.st.stm32cube.ide.mcu.externaltools.gnu-tools-for-stm32.13.3.rel1.win32_1.0.100.202509120712/tools/bin/../lib/gcc/arm-none-eabi/13.3.1/../../../../arm-none-eabi/lib/thumb/v6-m/nofp\libc_nano.a(libc_a-findfp.o)
                0x0800be8c                __sinit
 .text._fwalk_sglue
                0x0800bebc       0x38 C:/ST/STM32CubeIDE_2.0.0/STM32CubeIDE/plugins/com.st.stm32cube.ide.mcu.externaltools.gnu-tools-for-stm32.13.3.rel1.win32_1.0.100.202509120712/tools/bin/../lib/gcc/arm-none-eabi/13.3.1/../../../../arm-none-eabi/lib/thumb/v6-m/nofp\libc_nano.a(libc_a-fwalk.o)
                0x0800bebc                _fwalk_sglue
 .text.__sread  0x0800bef4       0x28 C:/ST/STM32CubeIDE_2.0.0/STM32CubeIDE/plugins/com.st.stm32cube.ide.mcu.externaltools.gnu-tools-for-stm32.13.3.rel1.win32_1.0.100.202509120712/tools/bin/../lib/gcc/arm-none-eabi/13.3.1/../../../../arm-none-eabi/lib/thumb/v6-m/nofp\libc_nano.a(libc_a-stdio.o)
                0x0800bef4                __sread
 .text.__swrite
                0x0800bf1c       0x38 C:/ST/STM32CubeIDE_2.0.0/STM32CubeIDE/plugins/com.st.stm32cube.ide.mcu.externaltools.gnu-tools-for-stm32.13.3.rel1.win32_1.0.100.202509120712/tools/bin/../lib/gcc/arm-none-eabi/13.3.1/../../../../arm-none-eabi/lib/thumb/v6-m/nofp\libc_nano.a(libc_a-stdio.o)
                0x0800bf1c                __swrite
 .text.__sseek  0x0800bf54       0x2c C:/ST/STM32CubeIDE_2.0.0/STM32CubeIDE/plugins/com.st.stm32cube.ide.mcu.externaltools.gnu-tools-for-stm32.13.3.rel1.win32_1.0.100.202509120712/tools/bin/../lib/gcc/arm-none-eabi/13.3.1/../../../../arm-none-eabi/lib/thumb/v6-m/nofp\libc_nano.a(libc_a-stdio.o)
                0x0800bf54                __sseek
 .text.__sclose
                0x0800bf80        0xc C:/ST/STM32CubeIDE_2.0.0/STM32CubeIDE/plugins/com.st.stm32cube.ide.mcu.externaltools.gnu-tools-for-stm32.13.3.rel1.win32_1.0.100.202509120712/tools/bin/../lib/gcc/arm-none-eabi/13.3.1/../../../../arm-none-eabi/lib/thumb/v6-m/nofp\libc_nano.a(libc_a-stdio.o)
                0x0800bf80                __sclose
 .text._vsnprintf_r
                0x0800bf8c       0x5a C:/ST/STM32CubeIDE_2.0.0/STM32CubeIDE/plugins/com.st.stm32cube.ide.mcu.externaltools.gnu-tools-for-stm32.13.3.rel1.win32_1.0.100.202509120712/tools/bin/../lib/gcc/arm-none-eabi/13.3.1/../../../../arm-none-eabi/lib/thumb/v6-m/nofp\libc_nano.a(libc_a-vsnprintf.o)
                0x0800bf8c                _vsniprintf_r
                0x0800bf8c                _vsnprintf_r
 *fill*         0x0800bfe6        0x2 
 .text.vsnprintf
                0x0800bfe8       0x18 C:/ST/STM32CubeIDE_2.0.0/STM32CubeIDE/plugins/com.st.stm32cube.ide.mcu.externaltools.gnu-tools-for-stm32.13.3.rel1.win32_1.0.100.202509120712/tools/bin/../lib/gcc/arm-none-eabi/13.3.1/../../../../arm-none-eabi/lib/thumb/v6-m/nofp\libc_nano.a(libc_a-vsnprintf.o)
                0x0800bfe8                vsniprintf
                0x0800bfe8                vsnprintf
 .text.memmove  0x0800c000       0x24 C:/ST/STM32CubeIDE_2.0.0/STM32CubeIDE/plugins/com.st.stm32cube.ide.mcu.externaltools.gnu-tools-for-stm32.13.3.rel1.win32_1.0.100.202509120712/tools/bin/../lib/gcc/arm-none-eabi/13.3.1/../../../../arm-none-eabi/lib/thumb/v6-m/nofp\libc_nano.a(libc_a-memmove.o)
                0x0800c000                memmove
 .text.memset   0x0800c024       0x10 C:/ST/STM32CubeIDE_2.0.0/STM32CubeIDE/plugins/com.st.stm32cube.ide.mcu.externaltools.gnu-tools-for-stm32.13.3.rel1.win32_1.0.100.202509120712/tools/bin/../lib/gcc/arm-none-eabi/13.3.1/../../../../arm-none-eabi/lib/thumb/v6-m/nofp\libc_nano.a(libc_a-memset.o)
                0x0800c024                memset
 .text.strchr   0x0800c034       0x1c C:/ST/STM32CubeIDE_2.0.0/STM32CubeIDE/plugins/com.st.stm32cube.ide.mcu.externaltools.gnu-tools-for-stm32.13.3.rel1.win32_1.0.100.202509120712/tools/bin/../lib/gcc/arm-none-eabi/13.3.1/../../../../arm-none-eabi/lib/thumb/v6-m/nofp\libc_nano.a(libc_a-strchr.o)
                0x0800c034                strchr
 .text.strncmp  0x0800c050       0x22 C:/ST/STM32CubeIDE_2.0.0/STM32CubeIDE/plugins/com.st.stm32cube.ide.mcu.externaltools.gnu-tools-for-stm32.13.3.rel1.win32_1.0.100.202509120712/tools/bin/../lib/gcc/arm-none-eabi/13.3.1/../../../../arm-none-eabi/lib/thumb/v6-m/nofp\libc_nano.a(libc_a-strncmp.o)
                0x0800c050                strncmp
 .text.strncpy  0x0800c072       0x28 C:/ST/STM32CubeIDE_2.0.0/STM32CubeIDE/plugins/com.st.stm32cube.ide.mcu.externaltools.gnu-tools-for-stm32.13.3.rel1.win32_1.0.100.202509120712/tools/bin/../lib/gcc/arm-none-eabi/13.3.1/../../../../arm-none-eabi/lib/thumb/v6-m/nofp\libc_nano.a(libc_a-strncpy.o)
                0x0800c072                strncpy
 .text.__strtok_r
                0x0800c09a       0x58 C:/ST/STM32CubeIDE_2.0.0/STM32CubeIDE/plugins/com.st.stm32cube.ide.mcu.externaltools.gnu-tools-for-stm32.13.3.rel1.win32_1.0.100.202509120712/tools/bin/../lib/gcc/arm-none-eabi/13.3.1/../../../../arm-none-eabi/lib/thumb/v6-m/nofp\libc_nano.a(libc_a-strtok_r.o)
                0x0800c09a                __strtok_r
 .text.strtok_r
                0x0800c0f2        0xa C:/ST/STM32CubeIDE_2.0.0/STM32CubeIDE/plugins/com.st.stm32cube.ide.mcu.externaltools.gnu-tools-for-stm32.13.3.rel1.win32_1.0.100.202509120712/tools/bin/../lib/gcc/arm-none-eabi/13.3.1/../../../../arm-none-eabi/lib/thumb/v6-m/nofp\libc_nano.a(libc_a-strtok_r.o)
                0x0800c0f2                strtok_r
 .text._close_r
                0x0800c0fc       0x24 C:/ST/STM32CubeIDE_2.0.0/STM32CubeIDE/plugins/com.st.stm32cube.ide.mcu.externaltools.gnu-tools-for-stm32.13.3.rel1.win32_1.0.100.202509120712/tools/bin/../lib/gcc/arm-none-eabi/13.3.1/../../../../arm-none-eabi/lib/thumb/v6-m/nofp\libc_nano.a(libc_a-closer.o)
                0x0800c0fc                _close_r
 .text._lseek_r
                0x0800c120       0x28 C:/ST/STM32CubeIDE_2.0.0/STM32CubeIDE/plugins/com.st.stm32cube.ide.mcu.externaltools.gnu-tools-for-stm32.13.3.rel1.win32_1.0.100.202509120712/tools/bin/../lib/gcc/arm-none-eabi/13.3.1/../../../../arm-none-eabi/lib/thumb/v6-m/nofp\libc_nano.a(libc_a-lseekr.o)
                0x0800c120                _lseek_r
 .text._read_r  0x0800c148       0x28 C:/ST/STM32CubeIDE_2.0.0/STM32CubeIDE/plugins/com.st.stm32cube.ide.mcu.externaltools.gnu-tools-for-stm32.13.3.rel1.win32_1.0.100.202509120712/tools/bin/../lib/gcc/arm-none-eabi/13.3.1/../../../../arm-none-eabi/lib/thumb/v6-m/nofp\libc_nano.a(libc_a-readr.o)
                0x0800c148                _read_r
 .text._write_r
                0x0800c170       0x28 C:/ST/STM32CubeIDE_2.0.0/STM32CubeIDE/plugins/com.st.stm32cube.ide.mcu.externaltools.gnu-tools-for-stm32.13.3.rel1.win32_1.0.100.202509120712/tools/bin/../lib/gcc/arm-none-eabi/13.3.1/../../../../arm-none-eabi/lib/thumb/v6-m/nofp\libc_nano.a(libc_a-writer.o)
                0x0800c170                _write_r
 .text.__errno  0x0800c198        0xc C:/ST/STM32CubeIDE_2.0.0/STM32CubeIDE/plugins/com.st.stm32cube.ide.mcu.externaltools.gnu-tools-for-stm32.13.3.rel1.win32_1.0.100.202509120712/tools/bin/../lib/gcc/arm-none-eabi/13.3.1/../../../../arm-none-eabi/lib/thumb/v6-m/nofp\libc_nano.a(libc_a-errno.o)
                0x0800c198                __errno
 .text.__libc_init_array
                0x0800c1a4       0x48 C:/ST/STM32CubeIDE_2.0.0/STM32CubeIDE/plugins/com.st.stm32cube.ide.mcu.externaltools.gnu-tools-for-stm32.13.3.rel1.win32_1.0.100.202509120712/tools/bin/../lib/gcc/arm-none-eabi/13.3.1/../../../../arm-none-eabi/lib/thumb/v6-m/nofp\libc_nano.a(libc_a-init.o)
                0x0800c1a4                __libc_init_array
 .text.__retarget_lock_init_recursive
                0x0800c1ec        0x2 C:/ST/STM32CubeIDE_2.0.0/STM32CubeIDE/plugins/com.st.stm32cube.ide.mcu.externaltools.gnu-tools-for-stm32.13.3.rel1.win32_1.0.100.202509120712/tools/bin/../lib/gcc/arm-none-eabi/13.3.1/../../../../arm-none-eabi/lib/thumb/v6-m/nofp\libc_nano.a(libc_a-lock.o)
                0x0800c1ec                __retarget_lock_init_recursive
 .text.__retarget_lock_acquire_recursive
                0x0800c1ee        0x2 C:/ST/STM32CubeIDE_2.0.0/STM32CubeIDE/plugins/com.st.stm32cube.ide.mcu.externaltools.gnu-tools-for-stm32.13.3.rel1.win32_1.0.100.202509120712/tools/bin/../lib/gcc/arm-none-eabi/13.3.1/../../../../arm-none-eabi/lib/thumb/v6-m/nofp\libc_nano.a(libc_a-lock.o)
                0x0800c1ee                __retarget_lock_acquire_recursive
 .text.__retarget_lock_release_recursive
                0x0800c1f0        0x2 C:/ST/STM32CubeIDE_2.0.0/STM32CubeIDE/plugins/com.st.stm32cube.ide.mcu.externaltools.gnu-tools-for-stm32.13.3.rel1.win32_1.0.100.202509120712/tools/bin/../lib/gcc/arm-none-eabi/13.3.1/../../../../arm-none-eabi/lib/thumb/v6-m/nofp\libc_nano.a(libc_a-lock.o)
                0x0800c1f0                __retarget_lock_release_recursive
 .text.memcpy   0x0800c1f2       0x12 C:/ST/STM32CubeIDE_2.0.0/STM32CubeIDE/plugins/com.st.stm32cube.ide.mcu.externaltools.gnu-tools-for-stm32.13.3.rel1.win32_1.0.100.202509120712/tools/bin/../lib/gcc/arm-none-eabi/13.3.1/../../../../arm-none-eabi/lib/thumb/v6-m/nofp\libc_nano.a(libc_a-memcpy-stub.o)
                0x0800c1f2                memcpy
 .text.nan      0x0800c204        0xc C:/ST/STM32CubeIDE_2.0.0/STM32CubeIDE/plugins/com.st.stm32cube.ide.mcu.externaltools.gnu-tools-for-stm32.13.3.rel1.win32_1.0.100.202509120712/tools/bin/../lib/gcc/arm-none-eabi/13.3.1/../../../../arm-none-eabi/lib/thumb/v6-m/nofp\libc_nano.a(libm_a-s_nan.o)
                0x0800c204                nan
 .text._free_r  0x0800c210       0x94 C:/ST/STM32CubeIDE_2.0.0/STM32CubeIDE/plugins/com.st.stm32cube.ide.mcu.externaltools.gnu-tools-for-stm32.13.3.rel1.win32_1.0.100.202509120712/tools/bin/../lib/gcc/arm-none-eabi/13.3.1/../../../../arm-none-eabi/lib/thumb/v6-m/nofp\libc_nano.a(libc_a-freer.o)
                0x0800c210                _free_r
 .text.rshift   0x0800c2a4       0xa6 C:/ST/STM32CubeIDE_2.0.0/STM32CubeIDE/plugins/com.st.stm32cube.ide.mcu.externaltools.gnu-tools-for-stm32.13.3.rel1.win32_1.0.100.202509120712/tools/bin/../lib/gcc/arm-none-eabi/13.3.1/../../../../arm-none-eabi/lib/thumb/v6-m/nofp\libc_nano.a(libc_a-gdtoa-gethex.o)
 .text.__hexdig_fun
                0x0800c34a       0x2a C:/ST/STM32CubeIDE_2.0.0/STM32CubeIDE/plugins/com.st.stm32cube.ide.mcu.externaltools.gnu-tools-for-stm32.13.3.rel1.win32_1.0.100.202509120712/tools/bin/../lib/gcc/arm-none-eabi/13.3.1/../../../../arm-none-eabi/lib/thumb/v6-m/nofp\libc_nano.a(libc_a-gdtoa-gethex.o)
                0x0800c34a                __hexdig_fun
 .text.__gethex
                0x0800c374      0x448 C:/ST/STM32CubeIDE_2.0.0/STM32CubeIDE/plugins/com.st.stm32cube.ide.mcu.externaltools.gnu-tools-for-stm32.13.3.rel1.win32_1.0.100.202509120712/tools/bin/../lib/gcc/arm-none-eabi/13.3.1/../../../../arm-none-eabi/lib/thumb/v6-m/nofp\libc_nano.a(libc_a-gdtoa-gethex.o)
                0x0800c374                __gethex
 .text.L_shift  0x0800c7bc       0x24 C:/ST/STM32CubeIDE_2.0.0/STM32CubeIDE/plugins/com.st.stm32cube.ide.mcu.externaltools.gnu-tools-for-stm32.13.3.rel1.win32_1.0.100.202509120712/tools/bin/../lib/gcc/arm-none-eabi/13.3.1/../../../../arm-none-eabi/lib/thumb/v6-m/nofp\libc_nano.a(libc_a-gdtoa-hexnan.o)
 .text.__match  0x0800c7e0       0x28 C:/ST/STM32CubeIDE_2.0.0/STM32CubeIDE/plugins/com.st.stm32cube.ide.mcu.externaltools.gnu-tools-for-stm32.13.3.rel1.win32_1.0.100.202509120712/tools/bin/../lib/gcc/arm-none-eabi/13.3.1/../../../../arm-none-eabi/lib/thumb/v6-m/nofp\libc_nano.a(libc_a-gdtoa-hexnan.o)
                0x0800c7e0                __match
 .text.__hexnan
                0x0800c808      0x150 C:/ST/STM32CubeIDE_2.0.0/STM32CubeIDE/plugins/com.st.stm32cube.ide.mcu.externaltools.gnu-tools-for-stm32.13.3.rel1.win32_1.0.100.202509120712/tools/bin/../lib/gcc/arm-none-eabi/13.3.1/../../../../arm-none-eabi/lib/thumb/v6-m/nofp\libc_nano.a(libc_a-gdtoa-hexnan.o)
                0x0800c808                __hexnan
 .text.sbrk_aligned
                0x0800c958       0x44 C:/ST/STM32CubeIDE_2.0.0/STM32CubeIDE/plugins/com.st.stm32cube.ide.mcu.externaltools.gnu-tools-for-stm32.13.3.rel1.win32_1.0.100.202509120712/tools/bin/../lib/gcc/arm-none-eabi/13.3.1/../../../../arm-none-eabi/lib/thumb/v6-m/nofp\libc_nano.a(libc_a-mallocr.o)
 .text._malloc_r
                0x0800c99c      0x100 C:/ST/STM32CubeIDE_2.0.0/STM32CubeIDE/plugins/com.st.stm32cube.ide.mcu.externaltools.gnu-tools-for-stm32.13.3.rel1.win32_1.0.100.202509120712/tools/bin/../lib/gcc/arm-none-eabi/13.3.1/../../../../arm-none-eabi/lib/thumb/v6-m/nofp\libc_nano.a(libc_a-mallocr.o)
                0x0800c99c                _malloc_r
 .text.__ascii_mbtowc
                0x0800ca9c       0x24 C:/ST/STM32CubeIDE_2.0.0/STM32CubeIDE/plugins/com.st.stm32cube.ide.mcu.externaltools.gnu-tools-for-stm32.13.3.rel1.win32_1.0.100.202509120712/tools/bin/../lib/gcc/arm-none-eabi/13.3.1/../../../../arm-none-eabi/lib/thumb/v6-m/nofp\libc_nano.a(libc_a-mbtowc_r.o)
                0x0800ca9c                __ascii_mbtowc
 .text.__malloc_lock
                0x0800cac0       0x10 C:/ST/STM32CubeIDE_2.0.0/STM32CubeIDE/plugins/com.st.stm32cube.ide.mcu.externaltools.gnu-tools-for-stm32.13.3.rel1.win32_1.0.100.202509120712/tools/bin/../lib/gcc/arm-none-eabi/13.3.1/../../../../arm-none-eabi/lib/thumb/v6-m/nofp\libc_nano.a(libc_a-mlock.o)
                0x0800cac0                __malloc_lock
 .text.__malloc_unlock
                0x0800cad0       0x10 C:/ST/STM32CubeIDE_2.0.0/STM32CubeIDE/plugins/com.st.stm32cube.ide.mcu.externaltools.gnu-tools-for-stm32.13.3.rel1.win32_1.0.100.202509120712/tools/bin/../lib/gcc/arm-none-eabi/13.3.1/../../../../arm-none-eabi/lib/thumb/v6-m/nofp\libc_nano.a(libc_a-mlock.o)
                0x0800cad0                __malloc_unlock
 .text._Balloc  0x0800cae0       0x88 C:/ST/STM32CubeIDE_2.0.0/STM32CubeIDE/plugins/com.st.stm32cube.ide.mcu.externaltools.gnu-tools-for-stm32.13.3.rel1.win32_1.0.100.202509120712/tools/bin/../lib/gcc/arm-none-eabi/13.3.1/../../../../arm-none-eabi/lib/thumb/v6-m/nofp\libc_nano.a(libc_a-mprec.o)
                0x0800cae0                _Balloc
 .text._Bfree   0x0800cb68       0x48 C:/ST/STM32CubeIDE_2.0.0/STM32CubeIDE/plugins/com.st.stm32cube.ide.mcu.externaltools.gnu-tools-for-stm32.13.3.rel1.win32_1.0.100.202509120712/tools/bin/../lib/gcc/arm-none-eabi/13.3.1/../../../../arm-none-eabi/lib/thumb/v6-m/nofp\libc_nano.a(libc_a-mprec.o)
                0x0800cb68                _Bfree
 .text.__multadd
                0x0800cbb0       0x88 C:/ST/STM32CubeIDE_2.0.0/STM32CubeIDE/plugins/com.st.stm32cube.ide.mcu.externaltools.gnu-tools-for-stm32.13.3.rel1.win32_1.0.100.202509120712/tools/bin/../lib/gcc/arm-none-eabi/13.3.1/../../../../arm-none-eabi/lib/thumb/v6-m/nofp\libc_nano.a(libc_a-mprec.o)
                0x0800cbb0                __multadd
 .text.__s2b    0x0800cc38       0x98 C:/ST/STM32CubeIDE_2.0.0/STM32CubeIDE/plugins/com.st.stm32cube.ide.mcu.externaltools.gnu-tools-for-stm32.13.3.rel1.win32_1.0.100.202509120712/tools/bin/../lib/gcc/arm-none-eabi/13.3.1/../../../../arm-none-eabi/lib/thumb/v6-m/nofp\libc_nano.a(libc_a-mprec.o)
                0x0800cc38                __s2b
 .text.__hi0bits
                0x0800ccd0       0x42 C:/ST/STM32CubeIDE_2.0.0/STM32CubeIDE/plugins/com.st.stm32cube.ide.mcu.externaltools.gnu-tools-for-stm32.13.3.rel1.win32_1.0.100.202509120712/tools/bin/../lib/gcc/arm-none-eabi/13.3.1/../../../../arm-none-eabi/lib/thumb/v6-m/nofp\libc_nano.a(libc_a-mprec.o)
                0x0800ccd0                __hi0bits
 .text.__lo0bits
                0x0800cd12       0x5c C:/ST/STM32CubeIDE_2.0.0/STM32CubeIDE/plugins/com.st.stm32cube.ide.mcu.externaltools.gnu-tools-for-stm32.13.3.rel1.win32_1.0.100.202509120712/tools/bin/../lib/gcc/arm-none-eabi/13.3.1/../../../../arm-none-eabi/lib/thumb/v6-m/nofp\libc_nano.a(libc_a-mprec.o)
                0x0800cd12                __lo0bits
 *fill*         0x0800cd6e        0x2 
 .text.__i2b    0x0800cd70       0x30 C:/ST/STM32CubeIDE_2.0.0/STM32CubeIDE/plugins/com.st.stm32cube.ide.mcu.externaltools.gnu-tools-for-stm32.13.3.rel1.win32_1.0.100.202509120712/tools/bin/../lib/gcc/arm-none-eabi/13.3.1/../../../../arm-none-eabi/lib/thumb/v6-m/nofp\libc_nano.a(libc_a-mprec.o)
                0x0800cd70                __i2b
 .text.__multiply
                0x0800cda0      0x154 C:/ST/STM32CubeIDE_2.0.0/STM32CubeIDE/plugins/com.st.stm32cube.ide.mcu.externaltools.gnu-tools-for-stm32.13.3.rel1.win32_1.0.100.202509120712/tools/bin/../lib/gcc/arm-none-eabi/13.3.1/../../../../arm-none-eabi/lib/thumb/v6-m/nofp\libc_nano.a(libc_a-mprec.o)
                0x0800cda0                __multiply
 .text.__pow5mult
                0x0800cef4       0xb8 C:/ST/STM32CubeIDE_2.0.0/STM32CubeIDE/plugins/com.st.stm32cube.ide.mcu.externaltools.gnu-tools-for-stm32.13.3.rel1.win32_1.0.100.202509120712/tools/bin/../lib/gcc/arm-none-eabi/13.3.1/../../../../arm-none-eabi/lib/thumb/v6-m/nofp\libc_nano.a(libc_a-mprec.o)
                0x0800cef4                __pow5mult
 .text.__lshift
                0x0800cfac       0xd8 C:/ST/STM32CubeIDE_2.0.0/STM32CubeIDE/plugins/com.st.stm32cube.ide.mcu.externaltools.gnu-tools-for-stm32.13.3.rel1.win32_1.0.100.202509120712/tools/bin/../lib/gcc/arm-none-eabi/13.3.1/../../../../arm-none-eabi/lib/thumb/v6-m/nofp\libc_nano.a(libc_a-mprec.o)
                0x0800cfac                __lshift
 .text.__mcmp   0x0800d084       0x36 C:/ST/STM32CubeIDE_2.0.0/STM32CubeIDE/plugins/com.st.stm32cube.ide.mcu.externaltools.gnu-tools-for-stm32.13.3.rel1.win32_1.0.100.202509120712/tools/bin/../lib/gcc/arm-none-eabi/13.3.1/../../../../arm-none-eabi/lib/thumb/v6-m/nofp\libc_nano.a(libc_a-mprec.o)
                0x0800d084                __mcmp
 *fill*         0x0800d0ba        0x2 
 .text.__mdiff  0x0800d0bc      0x134 C:/ST/STM32CubeIDE_2.0.0/STM32CubeIDE/plugins/com.st.stm32cube.ide.mcu.externaltools.gnu-tools-for-stm32.13.3.rel1.win32_1.0.100.202509120712/tools/bin/../lib/gcc/arm-none-eabi/13.3.1/../../../../arm-none-eabi/lib/thumb/v6-m/nofp\libc_nano.a(libc_a-mprec.o)
                0x0800d0bc                __mdiff
 .text.__ulp    0x0800d1f0       0x40 C:/ST/STM32CubeIDE_2.0.0/STM32CubeIDE/plugins/com.st.stm32cube.ide.mcu.externaltools.gnu-tools-for-stm32.13.3.rel1.win32_1.0.100.202509120712/tools/bin/../lib/gcc/arm-none-eabi/13.3.1/../../../../arm-none-eabi/lib/thumb/v6-m/nofp\libc_nano.a(libc_a-mprec.o)
                0x0800d1f0                __ulp
 .text.__b2d    0x0800d230       0x98 C:/ST/STM32CubeIDE_2.0.0/STM32CubeIDE/plugins/com.st.stm32cube.ide.mcu.externaltools.gnu-tools-for-stm32.13.3.rel1.win32_1.0.100.202509120712/tools/bin/../lib/gcc/arm-none-eabi/13.3.1/../../../../arm-none-eabi/lib/thumb/v6-m/nofp\libc_nano.a(libc_a-mprec.o)
                0x0800d230                __b2d
 .text.__d2b    0x0800d2c8       0xc0 C:/ST/STM32CubeIDE_2.0.0/STM32CubeIDE/plugins/com.st.stm32cube.ide.mcu.externaltools.gnu-tools-for-stm32.13.3.rel1.win32_1.0.100.202509120712/tools/bin/../lib/gcc/arm-none-eabi/13.3.1/../../../../arm-none-eabi/lib/thumb/v6-m/nofp\libc_nano.a(libc_a-mprec.o)
                0x0800d2c8                __d2b
 .text.__ratio  0x0800d388       0x54 C:/ST/STM32CubeIDE_2.0.0/STM32CubeIDE/plugins/com.st.stm32cube.ide.mcu.externaltools.gnu-tools-for-stm32.13.3.rel1.win32_1.0.100.202509120712/tools/bin/../lib/gcc/arm-none-eabi/13.3.1/../../../../arm-none-eabi/lib/thumb/v6-m/nofp\libc_nano.a(libc_a-mprec.o)
                0x0800d388                __ratio
 .text.__copybits
                0x0800d3dc       0x42 C:/ST/STM32CubeIDE_2.0.0/STM32CubeIDE/plugins/com.st.stm32cube.ide.mcu.externaltools.gnu-tools-for-stm32.13.3.rel1.win32_1.0.100.202509120712/tools/bin/../lib/gcc/arm-none-eabi/13.3.1/../../../../arm-none-eabi/lib/thumb/v6-m/nofp\libc_nano.a(libc_a-mprec.o)
                0x0800d3dc                __copybits
 .text.__any_on
                0x0800d41e       0x46 C:/ST/STM32CubeIDE_2.0.0/STM32CubeIDE/plugins/com.st.stm32cube.ide.mcu.externaltools.gnu-tools-for-stm32.13.3.rel1.win32_1.0.100.202509120712/tools/bin/../lib/gcc/arm-none-eabi/13.3.1/../../../../arm-none-eabi/lib/thumb/v6-m/nofp\libc_nano.a(libc_a-mprec.o)
                0x0800d41e                __any_on
 .text.__ascii_wctomb
                0x0800d464       0x1a C:/ST/STM32CubeIDE_2.0.0/STM32CubeIDE/plugins/com.st.stm32cube.ide.mcu.externaltools.gnu-tools-for-stm32.13.3.rel1.win32_1.0.100.202509120712/tools/bin/../lib/gcc/arm-none-eabi/13.3.1/../../../../arm-none-eabi/lib/thumb/v6-m/nofp\libc_nano.a(libc_a-wctomb_r.o)
                0x0800d464                __ascii_wctomb
 *fill*         0x0800d47e        0x2 
 .text.__ssputs_r
                0x0800d480       0xc0 C:/ST/STM32CubeIDE_2.0.0/STM32CubeIDE/plugins/com.st.stm32cube.ide.mcu.externaltools.gnu-tools-for-stm32.13.3.rel1.win32_1.0.100.202509120712/tools/bin/../lib/gcc/arm-none-eabi/13.3.1/../../../../arm-none-eabi/lib/thumb/v6-m/nofp\libc_nano.a(libc_a-nano-svfprintf.o)
                0x0800d480                __ssputs_r
 .text._svfprintf_r
                0x0800d540      0x1fc C:/ST/STM32CubeIDE_2.0.0/STM32CubeIDE/plugins/com.st.stm32cube.ide.mcu.externaltools.gnu-tools-for-stm32.13.3.rel1.win32_1.0.100.202509120712/tools/bin/../lib/gcc/arm-none-eabi/13.3.1/../../../../arm-none-eabi/lib/thumb/v6-m/nofp\libc_nano.a(libc_a-nano-svfprintf.o)
                0x0800d540                _svfiprintf_r
                0x0800d540                _svfprintf_r
 .text._printf_common
                0x0800d73c       0xde C:/ST/STM32CubeIDE_2.0.0/STM32CubeIDE/plugins/com.st.stm32cube.ide.mcu.externaltools.gnu-tools-for-stm32.13.3.rel1.win32_1.0.100.202509120712/tools/bin/../lib/gcc/arm-none-eabi/13.3.1/../../../../arm-none-eabi/lib/thumb/v6-m/nofp\libc_nano.a(libc_a-nano-vfprintf_i.o)
                0x0800d73c                _printf_common
 *fill*         0x0800d81a        0x2 
 .text._printf_i
                0x0800d81c      0x218 C:/ST/STM32CubeIDE_2.0.0/STM32CubeIDE/plugins/com.st.stm32cube.ide.mcu.externaltools.gnu-tools-for-stm32.13.3.rel1.win32_1.0.100.202509120712/tools/bin/../lib/gcc/arm-none-eabi/13.3.1/../../../../arm-none-eabi/lib/thumb/v6-m/nofp\libc_nano.a(libc_a-nano-vfprintf_i.o)
                0x0800d81c                _printf_i
 .text.__sflush_r
                0x0800da34      0x10c C:/ST/STM32CubeIDE_2.0.0/STM32CubeIDE/plugins/com.st.stm32cube.ide.mcu.externaltools.gnu-tools-for-stm32.13.3.rel1.win32_1.0.100.202509120712/tools/bin/../lib/gcc/arm-none-eabi/13.3.1/../../../../arm-none-eabi/lib/thumb/v6-m/nofp\libc_nano.a(libc_a-fflush.o)
                0x0800da34                __sflush_r
 .text._fflush_r
                0x0800db40       0x56 C:/ST/STM32CubeIDE_2.0.0/STM32CubeIDE/plugins/com.st.stm32cube.ide.mcu.externaltools.gnu-tools-for-stm32.13.3.rel1.win32_1.0.100.202509120712/tools/bin/../lib/gcc/arm-none-eabi/13.3.1/../../../../arm-none-eabi/lib/thumb/v6-m/nofp\libc_nano.a(libc_a-fflush.o)
                0x0800db40                _fflush_r
 *fill*         0x0800db96        0x2 
 .text._sbrk_r  0x0800db98       0x24 C:/ST/STM32CubeIDE_2.0.0/STM32CubeIDE/plugins/com.st.stm32cube.ide.mcu.externaltools.gnu-tools-for-stm32.13.3.rel1.win32_1.0.100.202509120712/tools/bin/../lib/gcc/arm-none-eabi/13.3.1/../../../../arm-none-eabi/lib/thumb/v6-m/nofp\libc_nano.a(libc_a-sbrkr.o)
                0x0800db98                _sbrk_r
 .text.memchr   0x0800dbbc       0x16 C:/ST/STM32CubeIDE_2.0.0/STM32CubeIDE/plugins/com.st.stm32cube.ide.mcu.externaltools.gnu-tools-for-stm32.13.3.rel1.win32_1.0.100.202509120712/tools/bin/../lib/gcc/arm-none-eabi/13.3.1/../../../../arm-none-eabi/lib/thumb/v6-m/nofp\libc_nano.a(libc_a-memchr-stub.o)
                0x0800dbbc                memchr
 *fill*         0x0800dbd2        0x2 
 .text.__assert_func
                0x0800dbd4       0x3c C:/ST/STM32CubeIDE_2.0.0/STM32CubeIDE/plugins/com.st.stm32cube.ide.mcu.externaltools.gnu-tools-for-stm32.13.3.rel1.win32_1.0.100.202509120712/tools/bin/../lib/gcc/arm-none-eabi/13.3.1/../../../../arm-none-eabi/lib/thumb/v6-m/nofp\libc_nano.a(libc_a-assert.o)
                0x0800dbd4                __assert_func
 .text._calloc_r
                0x0800dc10       0x5a C:/ST/STM32CubeIDE_2.0.0/STM32CubeIDE/plugins/com.st.stm32cube.ide.mcu.externaltools.gnu-tools-for-stm32.13.3.rel1.win32_1.0.100.202509120712/tools/bin/../lib/gcc/arm-none-eabi/13.3.1/../../../../arm-none-eabi/lib/thumb/v6-m/nofp\libc_nano.a(libc_a-callocr.o)
                0x0800dc10                _calloc_r
 *fill*         0x0800dc6a        0x2 
 .text.malloc   0x0800dc6c       0x14 C:/ST/STM32CubeIDE_2.0.0/STM32CubeIDE/plugins/com.st.stm32cube.ide.mcu.externaltools.gnu-tools-for-stm32.13.3.rel1.win32_1.0.100.202509120712/tools/bin/../lib/gcc/arm-none-eabi/13.3.1/../../../../arm-none-eabi/lib/thumb/v6-m/nofp\libc_nano.a(libc_a-malloc.o)
                0x0800dc6c                malloc
 .text._realloc_r
                0x0800dc80       0x60 C:/ST/STM32CubeIDE_2.0.0/STM32CubeIDE/plugins/com.st.stm32cube.ide.mcu.externaltools.gnu-tools-for-stm32.13.3.rel1.win32_1.0.100.202509120712/tools/bin/../lib/gcc/arm-none-eabi/13.3.1/../../../../arm-none-eabi/lib/thumb/v6-m/nofp\libc_nano.a(libc_a-reallocr.o)
                0x0800dc80                _realloc_r
 .text.fprintf  0x0800dce0       0x20 C:/ST/STM32CubeIDE_2.0.0/STM32CubeIDE/plugins/com.st.stm32cube.ide.mcu.externaltools.gnu-tools-for-stm32.13.3.rel1.win32_1.0.100.202509120712/tools/bin/../lib/gcc/arm-none-eabi/13.3.1/../../../../arm-none-eabi/lib/thumb/v6-m/nofp\libc_nano.a(libc_a-fprintf.o)
                0x0800dce0                fiprintf
                0x0800dce0                fprintf
 .text.abort    0x0800dd00        0xe C:/ST/STM32CubeIDE_2.0.0/STM32CubeIDE/plugins/com.st.stm32cube.ide.mcu.externaltools.gnu-tools-for-stm32.13.3.rel1.win32_1.0.100.202509120712/tools/bin/../lib/gcc/arm-none-eabi/13.3.1/../../../../arm-none-eabi/lib/thumb/v6-m/nofp\libc_nano.a(libc_a-abort.o)
                0x0800dd00                abort
 .text._malloc_usable_size_r
                0x0800dd0e       0x10 C:/ST/STM32CubeIDE_2.0.0/STM32CubeIDE/plugins/com.st.stm32cube.ide.mcu.externaltools.gnu-tools-for-stm32.13.3.rel1.win32_1.0.100.202509120712/tools/bin/../lib/gcc/arm-none-eabi/13.3.1/../../../../arm-none-eabi/lib/thumb/v6-m/nofp\libc_nano.a(libc_a-msizer.o)
                0x0800dd0e                _malloc_usable_size_r
 .text.__sfputc_r
                0x0800dd1e       0x2a C:/ST/STM32CubeIDE_2.0.0/STM32CubeIDE/plugins/com.st.stm32cube.ide.mcu.externaltools.gnu-tools-for-stm32.13.3.rel1.win32_1.0.100.202509120712/tools/bin/../lib/gcc/arm-none-eabi/13.3.1/../../../../arm-none-eabi/lib/thumb/v6-m/nofp\libc_nano.a(libc_a-nano-vfprintf.o)
 .text.__sfputs_r
                0x0800dd48       0x24 C:/ST/STM32CubeIDE_2.0.0/STM32CubeIDE/plugins/com.st.stm32cube.ide.mcu.externaltools.gnu-tools-for-stm32.13.3.rel1.win32_1.0.100.202509120712/tools/bin/../lib/gcc/arm-none-eabi/13.3.1/../../../../arm-none-eabi/lib/thumb/v6-m/nofp\libc_nano.a(libc_a-nano-vfprintf.o)
                0x0800dd48                __sfputs_r
 .text._vfprintf_r
                0x0800dd6c      0x238 C:/ST/STM32CubeIDE_2.0.0/STM32CubeIDE/plugins/com.st.stm32cube.ide.mcu.externaltools.gnu-tools-for-stm32.13.3.rel1.win32_1.0.100.202509120712/tools/bin/../lib/gcc/arm-none-eabi/13.3.1/../../../../arm-none-eabi/lib/thumb/v6-m/nofp\libc_nano.a(libc_a-nano-vfprintf.o)
                0x0800dd6c                _vfprintf_r
                0x0800dd6c                _vfiprintf_r
 .text.__swbuf_r
                0x0800dfa4       0x84 C:/ST/STM32CubeIDE_2.0.0/STM32CubeIDE/plugins/com.st.stm32cube.ide.mcu.externaltools.gnu-tools-for-stm32.13.3.rel1.win32_1.0.100.202509120712/tools/bin/../lib/gcc/arm-none-eabi/13.3.1/../../../../arm-none-eabi/lib/thumb/v6-m/nofp\libc_nano.a(libc_a-wbuf.o)
                0x0800dfa4                __swbuf_r
 .text.__swsetup_r
                0x0800e028       0xbc C:/ST/STM32CubeIDE_2.0.0/STM32CubeIDE/plugins/com.st.stm32cube.ide.mcu.externaltools.gnu-tools-for-stm32.13.3.rel1.win32_1.0.100.202509120712/tools/bin/../lib/gcc/arm-none-eabi/13.3.1/../../../../arm-none-eabi/lib/thumb/v6-m/nofp\libc_nano.a(libc_a-wsetup.o)
                0x0800e028                __swsetup_r
 .text._raise_r
                0x0800e0e4       0x52 C:/ST/STM32CubeIDE_2.0.0/STM32CubeIDE/plugins/com.st.stm32cube.ide.mcu.externaltools.gnu-tools-for-stm32.13.3.rel1.win32_1.0.100.202509120712/tools/bin/../lib/gcc/arm-none-eabi/13.3.1/../../../../arm-none-eabi/lib/thumb/v6-m/nofp\libc_nano.a(libc_a-signal.o)
                0x0800e0e4                _raise_r
 *fill*         0x0800e136        0x2 
 .text.raise    0x0800e138       0x14 C:/ST/STM32CubeIDE_2.0.0/STM32CubeIDE/plugins/com.st.stm32cube.ide.mcu.externaltools.gnu-tools-for-stm32.13.3.rel1.win32_1.0.100.202509120712/tools/bin/../lib/gcc/arm-none-eabi/13.3.1/../../../../arm-none-eabi/lib/thumb/v6-m/nofp\libc_nano.a(libc_a-signal.o)
                0x0800e138                raise
 .text._kill_r  0x0800e14c       0x24 C:/ST/STM32CubeIDE_2.0.0/STM32CubeIDE/plugins/com.st.stm32cube.ide.mcu.externaltools.gnu-tools-for-stm32.13.3.rel1.win32_1.0.100.202509120712/tools/bin/../lib/gcc/arm-none-eabi/13.3.1/../../../../arm-none-eabi/lib/thumb/v6-m/nofp\libc_nano.a(libc_a-signalr.o)
                0x0800e14c                _kill_r
 .text._getpid_r
                0x0800e170        0x8 C:/ST/STM32CubeIDE_2.0.0/STM32CubeIDE/plugins/com.st.stm32cube.ide.mcu.externaltools.gnu-tools-for-stm32.13.3.rel1.win32_1.0.100.202509120712/tools/bin/../lib/gcc/arm-none-eabi/13.3.1/../../../../arm-none-eabi/lib/thumb/v6-m/nofp\libc_nano.a(libc_a-signalr.o)
                0x0800e170                _getpid_r
 .text.__swhatbuf_r
                0x0800e178       0x54 C:/ST/STM32CubeIDE_2.0.0/STM32CubeIDE/plugins/com.st.stm32cube.ide.mcu.externaltools.gnu-tools-for-stm32.13.3.rel1.win32_1.0.100.202509120712/tools/bin/../lib/gcc/arm-none-eabi/13.3.1/../../../../arm-none-eabi/lib/thumb/v6-m/nofp\libc_nano.a(libc_a-makebuf.o)
                0x0800e178                __swhatbuf_r
 .text.__smakebuf_r
                0x0800e1cc       0x82 C:/ST/STM32CubeIDE_2.0.0/STM32CubeIDE/plugins/com.st.stm32cube.ide.mcu.externaltools.gnu-tools-for-stm32.13.3.rel1.win32_1.0.100.202509120712/tools/bin/../lib/gcc/arm-none-eabi/13.3.1/../../../../arm-none-eabi/lib/thumb/v6-m/nofp\libc_nano.a(libc_a-makebuf.o)
                0x0800e1cc                __smakebuf_r
 *fill*         0x0800e24e        0x2 
 .text._fstat_r
                0x0800e250       0x24 C:/ST/STM32CubeIDE_2.0.0/STM32CubeIDE/plugins/com.st.stm32cube.ide.mcu.externaltools.gnu-tools-for-stm32.13.3.rel1.win32_1.0.100.202509120712/tools/bin/../lib/gcc/arm-none-eabi/13.3.1/../../../../arm-none-eabi/lib/thumb/v6-m/nofp\libc_nano.a(libc_a-fstatr.o)
                0x0800e250                _fstat_r
 .text._isatty_r
                0x0800e274       0x24 C:/ST/STM32CubeIDE_2.0.0/STM32CubeIDE/plugins/com.st.stm32cube.ide.mcu.externaltools.gnu-tools-for-stm32.13.3.rel1.win32_1.0.100.202509120712/tools/bin/../lib/gcc/arm-none-eabi/13.3.1/../../../../arm-none-eabi/lib/thumb/v6-m/nofp\libc_nano.a(libc_a-isattyr.o)
                0x0800e274                _isatty_r
 *(.glue_7)
 .glue_7        0x0800e298        0x0 linker stubs
 *(.glue_7t)
 .glue_7t       0x0800e298        0x0 linker stubs
 *(.eh_frame)
 .eh_frame      0x0800e298        0x0 C:/ST/STM32CubeIDE_2.0.0/STM32CubeIDE/plugins/com.st.stm32cube.ide.mcu.externaltools.gnu-tools-for-stm32.13.3.rel1.win32_1.0.100.202509120712/tools/bin/../lib/gcc/arm-none-eabi/13.3.1/thumb/v6-m/nofp/crtbegin.o
 *(.init)
 .init          0x0800e298        0x4 C:/ST/STM32CubeIDE_2.0.0/STM32CubeIDE/plugins/com.st.stm32cube.ide.mcu.externaltools.gnu-tools-for-stm32.13.3.rel1.win32_1.0.100.202509120712/tools/bin/../lib/gcc/arm-none-eabi/13.3.1/thumb/v6-m/nofp/crti.o
                0x0800e298                _init
 .init          0x0800e29c        0x8 C:/ST/STM32CubeIDE_2.0.0/STM32CubeIDE/plugins/com.st.stm32cube.ide.mcu.externaltools.gnu-tools-for-stm32.13.3.rel1.win32_1.0.100.202509120712/tools/bin/../lib/gcc/arm-none-eabi/13.3.1/thumb/v6-m/nofp/crtn.o
 *(.fini)
 .fini          0x0800e2a4        0x4 C:/ST/STM32CubeIDE_2.0.0/STM32CubeIDE/plugins/com.st.stm32cube.ide.mcu.externaltools.gnu-tools-for-stm32.13.3.rel1.win32_1.0.100.202509120712/tools/bin/../lib/gcc/arm-none-eabi/13.3.1/thumb/v6-m/nofp/crti.o
                0x0800e2a4                _fini
 .fini          0x0800e2a8        0x8 C:/ST/STM32CubeIDE_2.0.0/STM32CubeIDE/plugins/com.st.stm32cube.ide.mcu.externaltools.gnu-tools-for-stm32.13.3.rel1.win32_1.0.100.202509120712/tools/bin/../lib/gcc/arm-none-eabi/13.3.1/thumb/v6-m/nofp/crtn.o
                0x0800e2b0                        . = ALIGN (0x4)
                0x0800e2b0                        _etext = .

.vfp11_veneer   0x0800e2b0        0x0
 .vfp11_veneer  0x0800e2b0        0x0 linker stubs

.v4_bx          0x0800e2b0        0x0
 .v4_bx         0x0800e2b0        0x0 linker stubs

.iplt           0x0800e2b0        0x0
 .iplt          0x0800e2b0        0x0 C:/ST/STM32CubeIDE_2.0.0/STM32CubeIDE/plugins/com.st.stm32cube.ide.mcu.externaltools.gnu-tools-for-stm32.13.3.rel1.win32_1.0.100.202509120712/tools/bin/../lib/gcc/arm-none-eabi/13.3.1/thumb/v6-m/nofp/crtbegin.o

.rodata         0x0800e2b0      0xea8
                0x0800e2b0                        . = ALIGN (0x4)
 *(.rodata)
 .rodata        0x0800e2b0      0x13c ./Core/Src/main.o
 .rodata        0x0800e3ec      0x14b ./Core/Src/nau7802.o
 *fill*         0x0800e537        0x1 
 .rodata        0x0800e538      0x6a7 ./Core/Src/test_utils.o
 *fill*         0x0800ebdf        0x1 
 .rodata        0x0800ebe0       0x40 C:/ST/STM32CubeIDE_2.0.0/STM32CubeIDE/plugins/com.st.stm32cube.ide.mcu.externaltools.gnu-tools-for-stm32.13.3.rel1.win32_1.0.100.202509120712/tools/bin/../lib/gcc/arm-none-eabi/13.3.1/thumb/v6-m/nofp\libgcc.a(divdf3.o)
 *(.rodata*)
 .rodata.map_output_pin_to_mux
                0x0800ec20       0x54 ./Core/Src/mux_utils.o
 .rodata.AHBPrescTable
                0x0800ec74       0x40 ./Core/Src/system_stm32c0xx.o
                0x0800ec74                AHBPrescTable
 .rodata.APBPrescTable
                0x0800ecb4       0x20 ./Core/Src/system_stm32c0xx.o
                0x0800ecb4                APBPrescTable
 .rodata.adg_encode_x
                0x0800ecd4       0x30 ./Core/Src/test_utils.o
 .rodata.map_dut_pin
                0x0800ed04       0x54 ./Core/Src/test_utils.o
 .rodata.map_route_source_to_y
                0x0800ed58       0x20 ./Core/Src/test_utils.o
 .rodata.UARTPrescTable
                0x0800ed78       0x18 ./Drivers/STM32C0xx_HAL_Driver/Src/stm32c0xx_hal_uart.o
                0x0800ed78                UARTPrescTable
 .rodata.numerator.1
                0x0800ed90        0x8 ./Drivers/STM32C0xx_HAL_Driver/Src/stm32c0xx_hal_uart_ex.o
 .rodata.denominator.0
                0x0800ed98        0x8 ./Drivers/STM32C0xx_HAL_Driver/Src/stm32c0xx_hal_uart_ex.o
 .rodata._strtod_l.str1.1
                0x0800eda0      0x166 C:/ST/STM32CubeIDE_2.0.0/STM32CubeIDE/plugins/com.st.stm32cube.ide.mcu.externaltools.gnu-tools-for-stm32.13.3.rel1.win32_1.0.100.202509120712/tools/bin/../lib/gcc/arm-none-eabi/13.3.1/../../../../arm-none-eabi/lib/thumb/v6-m/nofp\libc_nano.a(libc_a-strtod.o)
                                  0xf (size before relaxing)
 *fill*         0x0800ef06        0x2 
 .rodata.fpinan.0
                0x0800ef08       0x14 C:/ST/STM32CubeIDE_2.0.0/STM32CubeIDE/plugins/com.st.stm32cube.ide.mcu.externaltools.gnu-tools-for-stm32.13.3.rel1.win32_1.0.100.202509120712/tools/bin/../lib/gcc/arm-none-eabi/13.3.1/../../../../arm-none-eabi/lib/thumb/v6-m/nofp\libc_nano.a(libc_a-strtod.o)
 .rodata.fpi.1  0x0800ef1c       0x14 C:/ST/STM32CubeIDE_2.0.0/STM32CubeIDE/plugins/com.st.stm32cube.ide.mcu.externaltools.gnu-tools-for-stm32.13.3.rel1.win32_1.0.100.202509120712/tools/bin/../lib/gcc/arm-none-eabi/13.3.1/../../../../arm-none-eabi/lib/thumb/v6-m/nofp\libc_nano.a(libc_a-strtod.o)
 .rodata.tinytens
                0x0800ef30       0x28 C:/ST/STM32CubeIDE_2.0.0/STM32CubeIDE/plugins/com.st.stm32cube.ide.mcu.externaltools.gnu-tools-for-stm32.13.3.rel1.win32_1.0.100.202509120712/tools/bin/../lib/gcc/arm-none-eabi/13.3.1/../../../../arm-none-eabi/lib/thumb/v6-m/nofp\libc_nano.a(libc_a-strtod.o)
 .rodata._ctype_
                0x0800ef58      0x101 C:/ST/STM32CubeIDE_2.0.0/STM32CubeIDE/plugins/com.st.stm32cube.ide.mcu.externaltools.gnu-tools-for-stm32.13.3.rel1.win32_1.0.100.202509120712/tools/bin/../lib/gcc/arm-none-eabi/13.3.1/../../../../arm-none-eabi/lib/thumb/v6-m/nofp\libc_nano.a(libc_a-ctype_.o)
                0x0800ef58                _ctype_
 .rodata._setlocale_r.str1.1
                0x0800f059        0x0 C:/ST/STM32CubeIDE_2.0.0/STM32CubeIDE/plugins/com.st.stm32cube.ide.mcu.externaltools.gnu-tools-for-stm32.13.3.rel1.win32_1.0.100.202509120712/tools/bin/../lib/gcc/arm-none-eabi/13.3.1/../../../../arm-none-eabi/lib/thumb/v6-m/nofp\libc_nano.a(libc_a-locale.o)
                                  0x9 (size before relaxing)
 .rodata.str1.1
                0x0800f059        0x0 C:/ST/STM32CubeIDE_2.0.0/STM32CubeIDE/plugins/com.st.stm32cube.ide.mcu.externaltools.gnu-tools-for-stm32.13.3.rel1.win32_1.0.100.202509120712/tools/bin/../lib/gcc/arm-none-eabi/13.3.1/../../../../arm-none-eabi/lib/thumb/v6-m/nofp\libc_nano.a(libc_a-locale.o)
                                  0x2 (size before relaxing)
 .rodata.__gethex.str1.1
                0x0800f059        0x0 C:/ST/STM32CubeIDE_2.0.0/STM32CubeIDE/plugins/com.st.stm32cube.ide.mcu.externaltools.gnu-tools-for-stm32.13.3.rel1.win32_1.0.100.202509120712/tools/bin/../lib/gcc/arm-none-eabi/13.3.1/../../../../arm-none-eabi/lib/thumb/v6-m/nofp\libc_nano.a(libc_a-gdtoa-gethex.o)
                                 0x73 (size before relaxing)
 .rodata._Balloc.str1.1
                0x0800f059        0x0 C:/ST/STM32CubeIDE_2.0.0/STM32CubeIDE/plugins/com.st.stm32cube.ide.mcu.externaltools.gnu-tools-for-stm32.13.3.rel1.win32_1.0.100.202509120712/tools/bin/../lib/gcc/arm-none-eabi/13.3.1/../../../../arm-none-eabi/lib/thumb/v6-m/nofp\libc_nano.a(libc_a-mprec.o)
                                 0x70 (size before relaxing)
 .rodata.__multadd.str1.1
                0x0800f059        0x0 C:/ST/STM32CubeIDE_2.0.0/STM32CubeIDE/plugins/com.st.stm32cube.ide.mcu.externaltools.gnu-tools-for-stm32.13.3.rel1.win32_1.0.100.202509120712/tools/bin/../lib/gcc/arm-none-eabi/13.3.1/../../../../arm-none-eabi/lib/thumb/v6-m/nofp\libc_nano.a(libc_a-mprec.o)
                                 0x11 (size before relaxing)
 *fill*         0x0800f059        0x3 
 .rodata.p05.0  0x0800f05c        0xc C:/ST/STM32CubeIDE_2.0.0/STM32CubeIDE/plugins/com.st.stm32cube.ide.mcu.externaltools.gnu-tools-for-stm32.13.3.rel1.win32_1.0.100.202509120712/tools/bin/../lib/gcc/arm-none-eabi/13.3.1/../../../../arm-none-eabi/lib/thumb/v6-m/nofp\libc_nano.a(libc_a-mprec.o)
 .rodata.__mprec_bigtens
                0x0800f068       0x28 C:/ST/STM32CubeIDE_2.0.0/STM32CubeIDE/plugins/com.st.stm32cube.ide.mcu.externaltools.gnu-tools-for-stm32.13.3.rel1.win32_1.0.100.202509120712/tools/bin/../lib/gcc/arm-none-eabi/13.3.1/../../../../arm-none-eabi/lib/thumb/v6-m/nofp\libc_nano.a(libc_a-mprec.o)
                0x0800f068                __mprec_bigtens
 .rodata.__mprec_tens
                0x0800f090       0xc8 C:/ST/STM32CubeIDE_2.0.0/STM32CubeIDE/plugins/com.st.stm32cube.ide.mcu.externaltools.gnu-tools-for-stm32.13.3.rel1.win32_1.0.100.202509120712/tools/bin/../lib/gcc/arm-none-eabi/13.3.1/../../../../arm-none-eabi/lib/thumb/v6-m/nofp\libc_nano.a(libc_a-mprec.o)
                0x0800f090                __mprec_tens
 .rodata._svfprintf_r.str1.1
                0x0800f158        0x0 C:/ST/STM32CubeIDE_2.0.0/STM32CubeIDE/plugins/com.st.stm32cube.ide.mcu.externaltools.gnu-tools-for-stm32.13.3.rel1.win32_1.0.100.202509120712/tools/bin/../lib/gcc/arm-none-eabi/13.3.1/../../../../arm-none-eabi/lib/thumb/v6-m/nofp\libc_nano.a(libc_a-nano-svfprintf.o)
                                 0x11 (size before relaxing)
 .rodata._printf_i.str1.1
                0x0800f158        0x0 C:/ST/STM32CubeIDE_2.0.0/STM32CubeIDE/plugins/com.st.stm32cube.ide.mcu.externaltools.gnu-tools-for-stm32.13.3.rel1.win32_1.0.100.202509120712/tools/bin/../lib/gcc/arm-none-eabi/13.3.1/../../../../arm-none-eabi/lib/thumb/v6-m/nofp\libc_nano.a(libc_a-nano-vfprintf_i.o)
                                 0x22 (size before relaxing)
 .rodata.__assert_func.str1.1
                0x0800f158        0x0 C:/ST/STM32CubeIDE_2.0.0/STM32CubeIDE/plugins/com.st.stm32cube.ide.mcu.externaltools.gnu-tools-for-stm32.13.3.rel1.win32_1.0.100.202509120712/tools/bin/../lib/gcc/arm-none-eabi/13.3.1/../../../../arm-none-eabi/lib/thumb/v6-m/nofp\libc_nano.a(libc_a-assert.o)
                                 0x3d (size before relaxing)
 .rodata._vfprintf_r.str1.1
                0x0800f158        0x0 C:/ST/STM32CubeIDE_2.0.0/STM32CubeIDE/plugins/com.st.stm32cube.ide.mcu.externaltools.gnu-tools-for-stm32.13.3.rel1.win32_1.0.100.202509120712/tools/bin/../lib/gcc/arm-none-eabi/13.3.1/../../../../arm-none-eabi/lib/thumb/v6-m/nofp\libc_nano.a(libc_a-nano-vfprintf.o)
                                 0x11 (size before relaxing)
                0x0800f158                        . = ALIGN (0x4)

.ARM.extab      0x0800f158        0x0
                0x0800f158                        . = ALIGN (0x4)
 *(.ARM.extab* .gnu.linkonce.armextab.*)
                0x0800f158                        . = ALIGN (0x4)

.ARM            0x0800f158        0x8
                0x0800f158                        . = ALIGN (0x4)
                0x0800f158                        __exidx_start = .
 *(.ARM.exidx*)
 .ARM.exidx     0x0800f158        0x8 C:/ST/STM32CubeIDE_2.0.0/STM32CubeIDE/plugins/com.st.stm32cube.ide.mcu.externaltools.gnu-tools-for-stm32.13.3.rel1.win32_1.0.100.202509120712/tools/bin/../lib/gcc/arm-none-eabi/13.3.1/thumb/v6-m/nofp\libgcc.a(_divdi3.o)
                0x0800f160                        __exidx_end = .
                0x0800f160                        . = ALIGN (0x4)

.preinit_array  0x0800f160        0x0
                0x0800f160                        . = ALIGN (0x4)
                0x0800f160                        PROVIDE (__preinit_array_start = .)
 *(.preinit_array*)
                0x0800f160                        PROVIDE (__preinit_array_end = .)
                0x0800f160                        . = ALIGN (0x4)

.init_array     0x0800f160        0x4
                0x0800f160                        . = ALIGN (0x4)
                0x0800f160                        PROVIDE (__init_array_start = .)
 *(SORT_BY_NAME(.init_array.*))
 *(.init_array*)
 .init_array    0x0800f160        0x4 C:/ST/STM32CubeIDE_2.0.0/STM32CubeIDE/plugins/com.st.stm32cube.ide.mcu.externaltools.gnu-tools-for-stm32.13.3.rel1.win32_1.0.100.202509120712/tools/bin/../lib/gcc/arm-none-eabi/13.3.1/thumb/v6-m/nofp/crtbegin.o
                0x0800f164                        PROVIDE (__init_array_end = .)
                0x0800f164                        . = ALIGN (0x4)

.fini_array     0x0800f164        0x4
                0x0800f164                        . = ALIGN (0x4)
                [!provide]                        PROVIDE (__fini_array_start = .)
 *(SORT_BY_NAME(.fini_array.*))
 *(.fini_array*)
 .fini_array    0x0800f164        0x4 C:/ST/STM32CubeIDE_2.0.0/STM32CubeIDE/plugins/com.st.stm32cube.ide.mcu.externaltools.gnu-tools-for-stm32.13.3.rel1.win32_1.0.100.202509120712/tools/bin/../lib/gcc/arm-none-eabi/13.3.1/thumb/v6-m/nofp/crtbegin.o
                [!provide]                        PROVIDE (__fini_array_end = .)
                0x0800f168                        . = ALIGN (0x4)
                0x0800f168                        _sidata = LOADADDR (.data)

.rel.dyn        0x0800f168        0x0
 .rel.iplt      0x0800f168        0x0 C:/ST/STM32CubeIDE_2.0.0/STM32CubeIDE/plugins/com.st.stm32cube.ide.mcu.externaltools.gnu-tools-for-stm32.13.3.rel1.win32_1.0.100.202509120712/tools/bin/../lib/gcc/arm-none-eabi/13.3.1/thumb/v6-m/nofp/crtbegin.o

.data           0x20000000      0x1d4 load address 0x0800f168
                0x20000000                        . = ALIGN (0x4)
                0x20000000                        _sdata = .
 *(.data)
 *(.data*)
 .data.SystemCoreClock
                0x20000000        0x4 ./Core/Src/system_stm32c0xx.o
                0x20000000                SystemCoreClock
 .data.uwTickPrio
                0x20000004        0x4 ./Drivers/STM32C0xx_HAL_Driver/Src/stm32c0xx_hal.o
                0x20000004                uwTickPrio
 .data.uwTickFreq
                0x20000008        0x1 ./Drivers/STM32C0xx_HAL_Driver/Src/stm32c0xx_hal.o
                0x20000008                uwTickFreq
 *fill*         0x20000009        0x3 
 .data.__sglue  0x2000000c        0xc C:/ST/STM32CubeIDE_2.0.0/STM32CubeIDE/plugins/com.st.stm32cube.ide.mcu.externaltools.gnu-tools-for-stm32.13.3.rel1.win32_1.0.100.202509120712/tools/bin/../lib/gcc/arm-none-eabi/13.3.1/../../../../arm-none-eabi/lib/thumb/v6-m/nofp\libc_nano.a(libc_a-findfp.o)
                0x2000000c                __sglue
 .data.__global_locale
                0x20000018      0x16c C:/ST/STM32CubeIDE_2.0.0/STM32CubeIDE/plugins/com.st.stm32cube.ide.mcu.externaltools.gnu-tools-for-stm32.13.3.rel1.win32_1.0.100.202509120712/tools/bin/../lib/gcc/arm-none-eabi/13.3.1/../../../../arm-none-eabi/lib/thumb/v6-m/nofp\libc_nano.a(libc_a-locale.o)
                0x20000018                __global_locale
 .data._impure_ptr