../Core/Src/main.c:81:13:uart_print	1
../Core/Src/main.c:86:13:uart_printf	1
../Core/Src/main.c:97:13:trim	6
../Core/Src/main.c:112:12:parse_pin_list	7
../Core/Src/main.c:142:12:parse_vin_limits_mv	7
../Core/Src/main.c:164:12:parse_prm	14
../Core/Src/main.c:204:13:normalize_vip_bin_lengths	12
../Core/Src/main.c:263:12:parse_vip_token	17
../Core/Src/main.c:325:12:parse_vip_list	5
../Core/Src/main.c:366:13:send_u8_array	3
../Core/Src/main.c:379:13:send_vip_array	6
../Core/Src/main.c:399:13:handle_command_line	14
../Core/Src/main.c:512:5:main	2
../Core/Src/main.c:571:6:SystemClock_Config	3
../Core/Src/main.c:610:13:MX_I2C1_Init	4
../Core/Src/main.c:658:13:MX_I2C2_Init	4
../Core/Src/main.c:706:13:MX_USART1_UART_Init	5
../Core/Src/main.c:754:13:MX_USART2_UART_Init	2
../Core/Src/main.c:790:13:MX_GPIO_Init	1
../Core/Src/main.c:838:6:HAL_UART_RxCpltCallback	5
../Core/Src/main.c:879:6:Error_Handler	1
