../Core/Src/test_utils.c:58:13:test_uart_print	16	static
../Core/Src/test_utils.c:63:6:test_uart_printf	280	static
../Core/Src/test_utils.c:103:26:adg_check_ready	16	static
../Core/Src/test_utils.c:125:12:adg_encode_x	16	static
../Core/Src/test_utils.c:149:26:adg_write_crosspoint	40	static
../Core/Src/test_utils.c:185:12:map_dut_pin	24	static
../Core/Src/test_utils.c:224:12:map_route_source_to_y	16	static
../Core/Src/test_utils.c:269:26:disconnect_dut_pin	32	static
../Core/Src/test_utils.c:290:26:connect_dut_pin_to_source	24	static
../Core/Src/test_utils.c:312:26:connect_dut_pin_to_1v8	16	static
../Core/Src/test_utils.c:317:26:connect_dut_pin_to_2v5	16	static
../Core/Src/test_utils.c:322:26:connect_dut_pin_to_3v3	16	static
../Core/Src/test_utils.c:327:26:connect_dut_pin_to_4v0	16	static
../Core/Src/test_utils.c:332:26:connect_dut_pin_to_4v5	16	static
../Core/Src/test_utils.c:337:26:connect_dut_pin_to_5v0	16	static
../Core/Src/test_utils.c:342:26:connect_dut_pin_to_stm32_gpio	16	static
../Core/Src/test_utils.c:347:13:disconnect_all_pins	16	static
../Core/Src/test_utils.c:354:12:adg_get_readback_addr	16	static
../Core/Src/test_utils.c:378:26:adg_read_x_status	40	static
../Core/Src/test_utils.c:422:13:stm32_source_gpio_write	16	static
../Core/Src/test_utils.c:427:13:stm32_source_gpio_idle_low	8	static
../Core/Src/test_utils.c:432:26:pulse_stm32_source_gpio	24	static
../Core/Src/test_utils.c:450:6:Check_Connectivity	40	static
../Core/Src/test_utils.c:513:12:vcc_mv_to_route_source	16	static
../Core/Src/test_utils.c:550:26:drive_dut_input_pin	24	static
../Core/Src/test_utils.c:582:12:vip_voltage_to_route_source	16	static
../Core/Src/test_utils.c:623:12:vip_bin_length_bits	24	static
../Core/Src/test_utils.c:647:12:vip_bin_get_symbol	32	static
../Core/Src/test_utils.c:692:26:execute_vip_edge_on_pin	24	static
../Core/Src/test_utils.c:737:12:determine_serial_pattern_length	32	static
../Core/Src/test_utils.c:772:26:configure_clock_inputs_once	32	static
../Core/Src/test_utils.c:809:26:apply_inputs_for_step	32	static
../Core/Src/test_utils.c:896:26:adc_settle_and_read_mv	40	static
../Core/Src/test_utils.c:924:26:read_outputs_for_step	40	static
../Core/Src/test_utils.c:978:12:step_has_clock_event	24	static
../Core/Src/test_utils.c:993:26:execute_step_events	24	static
../Core/Src/test_utils.c:1016:13:reset_parsed_state	16	static
../Core/Src/test_utils.c:1028:6:Test	40	static
